BEGIN 1785811958.6876094
MODULES=['MCamera', 'MRender', 'MWebView', 'SunshineSDK.Custom.Editor.EditorMeta.camera', 'SunshineSDK.Custom.Editor.EditorMeta.camera.AimPlacerMeta', 'SunshineSDK.Custom.Editor.EditorMeta.camera.CameraMeta', 'SunshineSDK.Custom.Editor.EditorMeta.camera.CameraShakePlacerMeta', 'SunshineSDK.Custom.Editor.EditorMeta.camera.FollowPlacerMeta', 'SunshineSDK.Custom.Editor.EditorMeta.camera.GunSmithAimPlacerMeta', 'SunshineSDK.Custom.Editor.EditorMeta.camera.HildaAimPlacerMeta', 'SunshineSDK.Custom.Editor.EditorMeta.camera.HildaFollowPlacerMeta', 'SunshineSDK.Custom.Editor.EditorMeta.camera.HildaPlacerTypesMeta', 'gclient.data.annual_review_big_event_data', 'gclient.data.annual_review_common_data', 'gclient.data.annual_review_conclusion_data', 'gclient.data.annual_review_data', 'gclient.data.annual_review_favorite_percent_data', 'gclient.data.annual_review_hero_data', 'gclient.data.blood_rage_reward_preview_data', 'gclient.data.calculation_camera_param_data', 'gclient.data.camera_data', 'gclient.data.ets_data.camera', 'gclient.data.ets_data.camera.grenade_burstCameraShake', 'gclient.data.ets_data.gun_smith_camera', 'gclient.data.event_preview_data', 'gclient.data.hall_camera_param_data', 'gclient.data.scene_node_base_data', 'gclient.data.scene_node_data', 'gclient.data.scene_node_diff_data', 'gclient.data.world_field_rank_data', 'gclient.framework.camera', 'gclient.framework.camera.aim_placer', 'gclient.framework.camera.als_tps_placer', 'gclient.framework.camera.base_placer', 'gclient.framework.camera.dead_follow_placer', 'gclient.framework.camera.engine_placer', 'gclient.framework.camera.follow_placer', 'gclient.framework.camera.fps_placer', 'gclient.framework.camera.fps_state_fsm', 'gclient.framework.camera.freeview_placer', 'gclient.framework.camera.gun_smith_aim_placer', 'gclient.framework.camera.hilda_aim_placer', 'gclient.framework.camera.hilda_follow_placer', 'gclient.framework.camera.lookaround_placer', 'gclient.framework.camera.parachute_placer', 'gclient.framework.camera.replay_placer', 'gclient.framework.camera.simple_tps_placer', 'gclient.framework.camera.titan_2_armor_charge_placer', 'gclient.framework.camera.tps_placer', 'gclient.framework.camera.types', 'gclient.framework.camera.vehicle_placer', 'gclient.framework.commoncomps.camera_shake_sunshine_component', 'gclient.framework.commoncomps.gunsmith_camera_sunshine_component', 'gclient.framework.commoncomps.render_node_component', 'gclient.framework.entities.camera', 'gclient.framework.ui.commonnodes.ui_treeview', 'gclient.framework.ui.widgets.ui_listview', 'gclient.framework.ui.widgets.ui_listview_anim', 'gclient.framework.ui.widgets.ui_listview_anycycle', 'gclient.framework.ui.widgets.ui_listview_carousel', 'gclient.framework.ui.widgets.ui_listview_cycle', 'gclient.framework.ui.widgets.ui_listview_fitter', 'gclient.framework.ui.widgets.ui_listview_grid', 'gclient.framework.ui.widgets.ui_listview_reuse', 'gclient.framework.ui.widgets.ui_scene', 'gclient.framework.ui.widgets.ui_webview', 'gclient.framework.util.camera_simulator', 'gclient.gameplay.logic_base.bot.camera_controller', 'gclient.gameplay.logic_base.comps.avatar_scene_node', 'gclient.gameplay.logic_base.entities.combatavatarmembers.cimp_world_field', 'gclient.gameplay.logic_base.entities.freeview_entity', 'gclient.gameplay.logic_base.entities.panpan_world_model', 'gclient.gameplay.logic_base.ui.hud_game_scene_effect_window', 'gclient.gamesystem.uigunsmith.gun_overview_window', 'gclient.gamesystem.uigunsmith.gun_part_feature_listview', 'gclient.gamesystem.uihall.activity.activity_tree_view', 'gclient.gamesystem.uihall.activity.activity_webview_window', 'gclient.gamesystem.uihall.activity.combat_guide.combat_guide_view_window', 'gclient.gamesystem.uihall.activity.combat_guide.guide_carousel_listview', 'gclient.gamesystem.uihall.activity.football_activity.world_cup_win_tickets_window', 'gclient.gamesystem.uihall.activity.grand_theft.activity_grand_theft_preview', 'gclient.gamesystem.uihall.activity.grand_theft.hourse_lamp_list_view', 'gclient.gamesystem.uihall.activity.gun_school.gun_school_gun_overview_window', 'gclient.gamesystem.uihall.activity.homie_bp_new.homie_bp_box_rewards_preview_comp', 'gclient.gamesystem.uihall.activity.homie_bp_new.homie_bp_preview_rewards_window', 'gclient.gamesystem.uihall.activity.homie_bp_new.homie_main_line_list_view_comp', 'gclient.gamesystem.uihall.activity.yearly_review', 'gclient.gamesystem.uihall.activity.yearly_review.activity_yearly_review_node', 'gclient.gamesystem.uihall.activity.yearly_review.new_year_sixteen_days_window', 'gclient.gamesystem.uihall.activity.yearly_review.new_year_ten_days_window', 'gclient.gamesystem.uihall.activity.yearly_review.yearly_report_battle_node', 'gclient.gamesystem.uihall.activity.yearly_review.yearly_report_big_event_node', 'gclient.gamesystem.uihall.activity.yearly_review.yearly_report_collect_skin_node', 'gclient.gamesystem.uihall.activity.yearly_review.yearly_report_favorite_gun_node', 'gclient.gamesystem.uihall.activity.yearly_review.yearly_report_favorite_hero_node', 'gclient.gamesystem.uihall.activity.yearly_review.yearly_report_favorite_node', 'gclient.gamesystem.uihall.activity.yearly_review.yearly_report_highlight_moment_node', 'gclient.gamesystem.uihall.activity.yearly_review.yearly_report_login_node', 'gclient.gamesystem.uihall.activity.yearly_review.yearly_report_social_node', 'gclient.gamesystem.uihall.activity.yearly_review.yearly_report_social_node_partner', 'gclient.gamesystem.uihall.activity.yearly_review.yearly_report_social_node_stat', 'gclient.gamesystem.uihall.activity.yearly_review.yearly_report_summary_node', 'gclient.gamesystem.uihall.activity.yearly_review.yearly_report_v6_skin_node', 'gclient.gamesystem.uihall.activity.yearly_review.yearly_review_common', 'gclient.gamesystem.uihall.activity.yearly_review.yearly_review_main_window', 'gclient.gamesystem.uihall.activity.yearly_review.yearly_window_node_base', 'gclient.gamesystem.uihall.ui_linkage.linkage_preview_window', 'gclient.gamesystem.uihall.uimall.gacha_preview_window', 'gclient.gamesystem.uihall.uimall.mall_gun_part_view_window', 'gclient.gamesystem.uihall.uirank.comp_rank_listview', 'gclient.util.photoprofile_review_manager']
scene type=<class 'cc.Scene'> repr=<cc.Scene object at 0x00000259C9AD8230>
scene names=['convertProxyChildrenToChildren', 'convertToNodeSpace', 'convertToNodeSpaceAR', 'convertToParentSpace', 'convertToWindowSpace', 'convertToWorldSpace', 'convertToWorldSpaceAR', 'convertTouchToNodeSpace', 'convertTouchToNodeSpaceAR', 'getNodeToWorldAffineTransform', 'getNodeToWorldTransform', 'getPhysicsWorld', 'getWorldToNodeAffineTransform', 'getWorldToNodeTransform', 'isNodeToWorldTransformDirty']
scene child_count=11
scene.child[0] type=<class 'cc.Node'> repr=<cc.Node object at 0x00000259C9AD8250>
scene.child[0] names=['convertProxyChildrenToChildren', 'convertToNodeSpace', 'convertToNodeSpaceAR', 'convertToParentSpace', 'convertToWindowSpace', 'convertToWorldSpace', 'convertToWorldSpaceAR', 'convertTouchToNodeSpace', 'convertTouchToNodeSpaceAR', 'getNodeToWorldAffineTransform', 'getNodeToWorldTransform', 'getWorldToNodeAffineTransform', 'getWorldToNodeTransform', 'isNodeToWorldTransformDirty']
scene.child[0] child_count=0
scene.child[1] type=<class 'cc.Node'> repr=<cc.Node object at 0x00000259C9AD8270>
scene.child[1] names=['convertProxyChildrenToChildren', 'convertToNodeSpace', 'convertToNodeSpaceAR', 'convertToParentSpace', 'convertToWindowSpace', 'convertToWorldSpace', 'convertToWorldSpaceAR', 'convertTouchToNodeSpace', 'convertTouchToNodeSpaceAR', 'getNodeToWorldAffineTransform', 'getNodeToWorldTransform', 'getWorldToNodeAffineTransform', 'getWorldToNodeTransform', 'isNodeToWorldTransformDirty']
scene.child[1] child_count=0
scene.child[2] type=<class 'cc.Node'> repr=<cc.Node object at 0x00000259C9AD8290>
scene.child[2] names=['convertProxyChildrenToChildren', 'convertToNodeSpace', 'convertToNodeSpaceAR', 'convertToParentSpace', 'convertToWindowSpace', 'convertToWorldSpace', 'convertToWorldSpaceAR', 'convertTouchToNodeSpace', 'convertTouchToNodeSpaceAR', 'getNodeToWorldAffineTransform', 'getNodeToWorldTransform', 'getWorldToNodeAffineTransform', 'getWorldToNodeTransform', 'isNodeToWorldTransformDirty']
scene.child[2] child_count=0
scene.child[3] type=<class 'cc.Node'> repr=<cc.Node object at 0x00000259C9AD82B0>
scene.child[3] names=['convertProxyChildrenToChildren', 'convertToNodeSpace', 'convertToNodeSpaceAR', 'convertToParentSpace', 'convertToWindowSpace', 'convertToWorldSpace', 'convertToWorldSpaceAR', 'convertTouchToNodeSpace', 'convertTouchToNodeSpaceAR', 'getNodeToWorldAffineTransform', 'getNodeToWorldTransform', 'getWorldToNodeAffineTransform', 'getWorldToNodeTransform', 'isNodeToWorldTransformDirty']
scene.child[3] child_count=0
scene.child[4] type=<class 'cc.Node'> repr=<cc.Node object at 0x00000259C9AD82D0>
scene.child[4] names=['convertProxyChildrenToChildren', 'convertToNodeSpace', 'convertToNodeSpaceAR', 'convertToParentSpace', 'convertToWindowSpace', 'convertToWorldSpace', 'convertToWorldSpaceAR', 'convertTouchToNodeSpace', 'convertTouchToNodeSpaceAR', 'getNodeToWorldAffineTransform', 'getNodeToWorldTransform', 'getWorldToNodeAffineTransform', 'getWorldToNodeTransform', 'isNodeToWorldTransformDirty']
scene.child[4] child_count=3
scene.child[4].child[0] type=<class 'cc.Node'> repr=<cc.Node object at 0x00000259D305ECF0>
scene.child[4].child[0] names=['convertProxyChildrenToChildren', 'convertToNodeSpace', 'convertToNodeSpaceAR', 'convertToParentSpace', 'convertToWindowSpace', 'convertToWorldSpace', 'convertToWorldSpaceAR', 'convertTouchToNodeSpace', 'convertTouchToNodeSpaceAR', 'getNodeToWorldAffineTransform', 'getNodeToWorldTransform', 'getWorldToNodeAffineTransform', 'getWorldToNodeTransform', 'isNodeToWorldTransformDirty']
scene.child[4].child[0] child_count=1
scene.child[4].child[1] type=<class 'cc.Node'> repr=<cc.Node object at 0x00000259D305F130>
scene.child[4].child[1] names=['convertProxyChildrenToChildren', 'convertToNodeSpace', 'convertToNodeSpaceAR', 'convertToParentSpace', 'convertToWindowSpace', 'convertToWorldSpace', 'convertToWorldSpaceAR', 'convertTouchToNodeSpace', 'convertTouchToNodeSpaceAR', 'getNodeToWorldAffineTransform', 'getNodeToWorldTransform', 'getWorldToNodeAffineTransform', 'getWorldToNodeTransform', 'isNodeToWorldTransformDirty']
scene.child[4].child[1] child_count=1
scene.child[4].child[2] type=<class 'cc.Node'> repr=<cc.Node object at 0x0000025A0335B6B0>
scene.child[4].child[2] names=['convertProxyChildrenToChildren', 'convertToNodeSpace', 'convertToNodeSpaceAR', 'convertToParentSpace', 'convertToWindowSpace', 'convertToWorldSpace', 'convertToWorldSpaceAR', 'convertTouchToNodeSpace', 'convertTouchToNodeSpaceAR', 'getNodeToWorldAffineTransform', 'getNodeToWorldTransform', 'getWorldToNodeAffineTransform', 'getWorldToNodeTransform', 'isNodeToWorldTransformDirty']
scene.child[4].child[2] child_count=1
scene.child[5] type=<class 'cc.Node'> repr=<cc.Node object at 0x00000259C9AD82F0>
scene.child[5] names=['convertProxyChildrenToChildren', 'convertToNodeSpace', 'convertToNodeSpaceAR', 'convertToParentSpace', 'convertToWindowSpace', 'convertToWorldSpace', 'convertToWorldSpaceAR', 'convertTouchToNodeSpace', 'convertTouchToNodeSpaceAR', 'getNodeToWorldAffineTransform', 'getNodeToWorldTransform', 'getWorldToNodeAffineTransform', 'getWorldToNodeTransform', 'isNodeToWorldTransformDirty']
scene.child[5] child_count=0
scene.child[6] type=<class 'cc.Node'> repr=<cc.Node object at 0x00000259C9AD8310>
scene.child[6] names=['convertProxyChildrenToChildren', 'convertToNodeSpace', 'convertToNodeSpaceAR', 'convertToParentSpace', 'convertToWindowSpace', 'convertToWorldSpace', 'convertToWorldSpaceAR', 'convertTouchToNodeSpace', 'convertTouchToNodeSpaceAR', 'getNodeToWorldAffineTransform', 'getNodeToWorldTransform', 'getWorldToNodeAffineTransform', 'getWorldToNodeTransform', 'isNodeToWorldTransformDirty']
scene.child[6] child_count=0
scene.child[7] type=<class 'cc.Node'> repr=<cc.Node object at 0x00000259C9AD8330>
scene.child[7] names=['convertProxyChildrenToChildren', 'convertToNodeSpace', 'convertToNodeSpaceAR', 'convertToParentSpace', 'convertToWindowSpace', 'convertToWorldSpace', 'convertToWorldSpaceAR', 'convertTouchToNodeSpace', 'convertTouchToNodeSpaceAR', 'getNodeToWorldAffineTransform', 'getNodeToWorldTransform', 'getWorldToNodeAffineTransform', 'getWorldToNodeTransform', 'isNodeToWorldTransformDirty']
scene.child[7] child_count=0
scene.child[8] type=<class 'cc.Node'> repr=<cc.Node object at 0x00000259C9AD8350>
scene.child[8] names=['convertProxyChildrenToChildren', 'convertToNodeSpace', 'convertToNodeSpaceAR', 'convertToParentSpace', 'convertToWindowSpace', 'convertToWorldSpace', 'convertToWorldSpaceAR', 'convertTouchToNodeSpace', 'convertTouchToNodeSpaceAR', 'getNodeToWorldAffineTransform', 'getNodeToWorldTransform', 'getWorldToNodeAffineTransform', 'getWorldToNodeTransform', 'isNodeToWorldTransformDirty']
scene.child[8] child_count=0
scene.child[9] type=<class 'cc.Node'> repr=<cc.Node object at 0x00000259C9AD8370>
scene.child[9] names=['convertProxyChildrenToChildren', 'convertToNodeSpace', 'convertToNodeSpaceAR', 'convertToParentSpace', 'convertToWindowSpace', 'convertToWorldSpace', 'convertToWorldSpaceAR', 'convertTouchToNodeSpace', 'convertTouchToNodeSpaceAR', 'getNodeToWorldAffineTransform', 'getNodeToWorldTransform', 'getWorldToNodeAffineTransform', 'getWorldToNodeTransform', 'isNodeToWorldTransformDirty']
scene.child[9] child_count=1
scene.child[9].child[0] type=<class 'cc.Node'> repr=<cc.Node object at 0x00000259E1E241D0>
scene.child[9].child[0] names=['convertProxyChildrenToChildren', 'convertToNodeSpace', 'convertToNodeSpaceAR', 'convertToParentSpace', 'convertToWindowSpace', 'convertToWorldSpace', 'convertToWorldSpaceAR', 'convertTouchToNodeSpace', 'convertTouchToNodeSpaceAR', 'getNodeToWorldAffineTransform', 'getNodeToWorldTransform', 'getWorldToNodeAffineTransform', 'getWorldToNodeTransform', 'isNodeToWorldTransformDirty']
scene.child[9].child[0] child_count=1
scene.child[10] type=<class 'cc.Node'> repr=<cc.Node object at 0x00000259C9AD8390>
scene.child[10] names=['convertProxyChildrenToChildren', 'convertToNodeSpace', 'convertToNodeSpaceAR', 'convertToParentSpace', 'convertToWindowSpace', 'convertToWorldSpace', 'convertToWorldSpaceAR', 'convertTouchToNodeSpace', 'convertTouchToNodeSpaceAR', 'getNodeToWorldAffineTransform', 'getNodeToWorldTransform', 'getWorldToNodeAffineTransform', 'getWorldToNodeTransform', 'isNodeToWorldTransformDirty']
scene.child[10] child_count=0
glview type=<class 'cc.GLView'> repr=<cc.GLView object at 0x0000025A0335A8B0>
glview names=['getViewName', 'getViewPortRect', 'getViewPos', 'setViewName', 'setViewPortInPoints']
entity_count=3
END
