BEGIN 1785834508.379587
cameras=3
unique_engines=1
engine[0]=<ICamera object at 0x00000170012CB100>
engine[0].names=['AIAgent', 'Action', 'AddPrimitive', 'Anchor', 'AnimatorDestructor', 'Appearance', 'AppendRigidbody', 'Area', 'Attach', 'Audio', 'AudioObject', 'AudioPath', 'BakedShadow', 'Billboard', 'BillboardLockY', 'BindEvent', 'Blurriness', 'CanUseShadowProxy', 'CharCtrl', 'ClothSimulator', 'Constraints', 'DataLayers', 'Decal', 'DelPrimitive', 'DeprecatedBit1', 'Destruct', 'Detach', 'DetailLevel', 'DockingMark', 'EnableDepthOfField', 'EnterArea', 'EnvVolume', 'Fading', 'Far', 'FarTransitionRegion', 'FieldOfView', 'Filter', 'FocalDistance', 'FocalRegion', 'GetIsBillBoard', 'GetIsDissolving', 'GetIsOutlined', 'GetIsThermalVisible', 'GetLastRenderTime', 'GetName', 'GetOrigin', 'GetPrimitiveWorldBound', 'GetRayDirectionFromScreenPoint', 'GetScreenPointFromWorldPoint', 'GetScreenSize', 'GetWorldBound', 'Heightmap', 'InSkyBoxDistance', 'InSkyBoxPitch', 'InSkyBoxYaw', 'InheritVirtualColor', 'InsertRigidbody', 'IsAnimated', 'IsAttachedRenderSetRole', 'IsBillboard', 'IsCastDynamicShadow', 'IsDisableCollision', 'IsDisableFakeCmd', 'IsDissolving', 'IsInSkyBox', 'IsInWorld', 'IsLastRendered', 'IsLevelProxy', 'IsMovable', 'IsOrthographic', 'IsOutlined', 'IsOverrideLodThreshold', 'IsPointCloudLight', 'IsProxyVisible', 'IsReadyToAppear', 'IsReceiveDynamicShadow', 'IsReflectionVisible', 'IsRenderSetRole', 'IsRenderStateChanged', 'IsResourceReady', 'IsSDFGen', 'IsScriptEntity', 'IsThermalVisible', 'IsUseXrayWithDiffReadMask', 'IsValid', 'IsVisible', 'IsWarmingUp', 'IsWholeLevelVisible', 'LeaveArea', 'LeaveVolume', 'Level', 'LevelHLODProxy', 'LevelProxy', 'Light', 'LightProbe', 'LoadResourceExtend', 'LocalSolver', 'LodThreshold', 'NavigateGadget', 'NavigateObstacle', 'NavigatorComp', 'Near', 'NearTransitionRegion', 'OrthoScale', 'OutlineFlag', 'PointCloud', 'PoseSender', 'Prefab', 'Primitives', 'Ragdoll', 'ReflectionProbe', 'RemoveRigidbody', 'RigidBodies', 'RuntimeCameraFlag', 'RuntimeVirtualTexture', 'SHVolume', 'SceneCapture', 'SceneGuider', 'SetAsRole', 'SetExpireCallback', 'SetIsBillBoard', 'SetIsDissolving', 'SetIsOutlined', 'SetIsScriptEntity', 'SetIsThermalVisible', 'SetName', 'SetNoNearPlaneClip', 'SetScreenSize', 'ShaderGraphOverrideMaterialInfo', 'ShadowBaker', 'Skeleton', 'SnowTrail', 'Storyboard', 'Tach', 'Tag', 'TechParam', 'TechParam2', 'TechParam4', 'TechParam5', 'TechState', 'TintColor1', 'TintColor2', 'TintColor3', 'Token', 'Transform', 'TransformUpdate', 'UI', 'UseAu
engine[0].Transform FAIL=TypeError("'Matrix4x3' object is not callable")
engine[0].Transform=<<-0.0478, 0.0000, 0.9989> <0.0357, 0.9994, 0.0017> <-0.9982, 0.0358, -0.0477> <-18.5947, 1.5515, -6.0920>>
END
BEGIN 1785834533.9823618
cameras=3
unique_engines=1
engine[0]=<ICamera object at 0x00000170012CB100>
engine[0].names=['AIAgent', 'Action', 'AddPrimitive', 'Anchor', 'AnimatorDestructor', 'Appearance', 'AppendRigidbody', 'Area', 'Attach', 'Audio', 'AudioObject', 'AudioPath', 'BakedShadow', 'Billboard', 'BillboardLockY', 'BindEvent', 'Blurriness', 'CanUseShadowProxy', 'CharCtrl', 'ClothSimulator', 'Constraints', 'DataLayers', 'Decal', 'DelPrimitive', 'DeprecatedBit1', 'Destruct', 'Detach', 'DetailLevel', 'DockingMark', 'EnableDepthOfField', 'EnterArea', 'EnvVolume', 'Fading', 'Far', 'FarTransitionRegion', 'FieldOfView', 'Filter', 'FocalDistance', 'FocalRegion', 'GetIsBillBoard', 'GetIsDissolving', 'GetIsOutlined', 'GetIsThermalVisible', 'GetLastRenderTime', 'GetName', 'GetOrigin', 'GetPrimitiveWorldBound', 'GetRayDirectionFromScreenPoint', 'GetScreenPointFromWorldPoint', 'GetScreenSize', 'GetWorldBound', 'Heightmap', 'InSkyBoxDistance', 'InSkyBoxPitch', 'InSkyBoxYaw', 'InheritVirtualColor', 'InsertRigidbody', 'IsAnimated', 'IsAttachedRenderSetRole', 'IsBillboard', 'IsCastDynamicShadow', 'IsDisableCollision', 'IsDisableFakeCmd', 'IsDissolving', 'IsInSkyBox', 'IsInWorld', 'IsLastRendered', 'IsLevelProxy', 'IsMovable', 'IsOrthographic', 'IsOutlined', 'IsOverrideLodThreshold', 'IsPointCloudLight', 'IsProxyVisible', 'IsReadyToAppear', 'IsReceiveDynamicShadow', 'IsReflectionVisible', 'IsRenderSetRole', 'IsRenderStateChanged', 'IsResourceReady', 'IsSDFGen', 'IsScriptEntity', 'IsThermalVisible', 'IsUseXrayWithDiffReadMask', 'IsValid', 'IsVisible', 'IsWarmingUp', 'IsWholeLevelVisible', 'LeaveArea', 'LeaveVolume', 'Level', 'LevelHLODProxy', 'LevelProxy', 'Light', 'LightProbe', 'LoadResourceExtend', 'LocalSolver', 'LodThreshold', 'NavigateGadget', 'NavigateObstacle', 'NavigatorComp', 'Near', 'NearTransitionRegion', 'OrthoScale', 'OutlineFlag', 'PointCloud', 'PoseSender', 'Prefab', 'Primitives', 'Ragdoll', 'ReflectionProbe', 'RemoveRigidbody', 'RigidBodies', 'RuntimeCameraFlag', 'RuntimeVirtualTexture', 'SHVolume', 'SceneCapture', 'SceneGuider', 'SetAsRole', 'SetExpireCallback', 'SetIsBillBoard', 'SetIsDissolving', 'SetIsOutlined', 'SetIsScriptEntity', 'SetIsThermalVisible', 'SetName', 'SetNoNearPlaneClip', 'SetScreenSize', 'ShaderGraphOverrideMaterialInfo', 'ShadowBaker', 'Skeleton', 'SnowTrail', 'Storyboard', 'Tach', 'Tag', 'TechParam', 'TechParam2', 'TechParam4', 'TechParam5', 'TechState', 'TintColor1', 'TintColor2', 'TintColor3', 'Token', 'Transform', 'TransformUpdate', 'UI', 'UseAu
engine[0].GetScreenSize()=<1334, 750>
engine[0].GetScreenSize=<built-in method GetScreenSize of ICamera object at 0x00000170012CB100>
engine[0].Transform FAIL=TypeError("'Matrix4x3' object is not callable")
engine[0].Transform=<<0.9421, 0.0000, 0.3352> <0.0210, 0.9980, -0.0589> <-0.3346, 0.0625, 0.9403> <-17.9258, 1.5515, -6.8776>>
head=<26.3581, 1.5546, 2.6731>
EXC
Traceback (most recent call last):
  File "<string>", line 75, in _run
RuntimeWarning: Invalid index for DVec3::__getitem__.

END
BEGIN 1785834563.1919322
cameras=3
unique_engines=1
engine[0]=<ICamera object at 0x00000170012CB100>
engine[0].names=['AIAgent', 'Action', 'AddPrimitive', 'Anchor', 'AnimatorDestructor', 'Appearance', 'AppendRigidbody', 'Area', 'Attach', 'Audio', 'AudioObject', 'AudioPath', 'BakedShadow', 'Billboard', 'BillboardLockY', 'BindEvent', 'Blurriness', 'CanUseShadowProxy', 'CharCtrl', 'ClothSimulator', 'Constraints', 'DataLayers', 'Decal', 'DelPrimitive', 'DeprecatedBit1', 'Destruct', 'Detach', 'DetailLevel', 'DockingMark', 'EnableDepthOfField', 'EnterArea', 'EnvVolume', 'Fading', 'Far', 'FarTransitionRegion', 'FieldOfView', 'Filter', 'FocalDistance', 'FocalRegion', 'GetIsBillBoard', 'GetIsDissolving', 'GetIsOutlined', 'GetIsThermalVisible', 'GetLastRenderTime', 'GetName', 'GetOrigin', 'GetPrimitiveWorldBound', 'GetRayDirectionFromScreenPoint', 'GetScreenPointFromWorldPoint', 'GetScreenSize', 'GetWorldBound', 'Heightmap', 'InSkyBoxDistance', 'InSkyBoxPitch', 'InSkyBoxYaw', 'InheritVirtualColor', 'InsertRigidbody', 'IsAnimated', 'IsAttachedRenderSetRole', 'IsBillboard', 'IsCastDynamicShadow', 'IsDisableCollision', 'IsDisableFakeCmd', 'IsDissolving', 'IsInSkyBox', 'IsInWorld', 'IsLastRendered', 'IsLevelProxy', 'IsMovable', 'IsOrthographic', 'IsOutlined', 'IsOverrideLodThreshold', 'IsPointCloudLight', 'IsProxyVisible', 'IsReadyToAppear', 'IsReceiveDynamicShadow', 'IsReflectionVisible', 'IsRenderSetRole', 'IsRenderStateChanged', 'IsResourceReady', 'IsSDFGen', 'IsScriptEntity', 'IsThermalVisible', 'IsUseXrayWithDiffReadMask', 'IsValid', 'IsVisible', 'IsWarmingUp', 'IsWholeLevelVisible', 'LeaveArea', 'LeaveVolume', 'Level', 'LevelHLODProxy', 'LevelProxy', 'Light', 'LightProbe', 'LoadResourceExtend', 'LocalSolver', 'LodThreshold', 'NavigateGadget', 'NavigateObstacle', 'NavigatorComp', 'Near', 'NearTransitionRegion', 'OrthoScale', 'OutlineFlag', 'PointCloud', 'PoseSender', 'Prefab', 'Primitives', 'Ragdoll', 'ReflectionProbe', 'RemoveRigidbody', 'RigidBodies', 'RuntimeCameraFlag', 'RuntimeVirtualTexture', 'SHVolume', 'SceneCapture', 'SceneGuider', 'SetAsRole', 'SetExpireCallback', 'SetIsBillBoard', 'SetIsDissolving', 'SetIsOutlined', 'SetIsScriptEntity', 'SetIsThermalVisible', 'SetName', 'SetNoNearPlaneClip', 'SetScreenSize', 'ShaderGraphOverrideMaterialInfo', 'ShadowBaker', 'Skeleton', 'SnowTrail', 'Storyboard', 'Tach', 'Tag', 'TechParam', 'TechParam2', 'TechParam4', 'TechParam5', 'TechState', 'TintColor1', 'TintColor2', 'TintColor3', 'Token', 'Transform', 'TransformUpdate', 'UI', 'UseAu
engine[0].GetScreenSize()=<1334, 750>
engine[0].GetScreenSize=<built-in method GetScreenSize of ICamera object at 0x00000170012CB100>
engine[0].Transform FAIL=TypeError("'Matrix4x3' object is not callable")
engine[0].Transform=<<0.9421, 0.0000, 0.3352> <0.0210, 0.9980, -0.0589> <-0.3346, 0.0625, 0.9403> <-17.9258, 1.5515, -6.8776>>
head=<26.3544, 1.5553, 2.6664>
screen_point(<26.3544, 1.5553, 2.6664>)=<4425.8003, 344.1000, 5.8000>
END
