BEGIN 1785811996.6884851
MCamera type=<class 'module'> repr=<module 'MCamera'>
MCamera names=['ApplyFrame', 'CameraFrame', 'CameraRuntimeInfo', 'CaptureFrame', 'GetPriorityScriptBase', 'GetPriorityScriptExpress', 'GetPriorityScriptTop']
MCamera.ApplyFrame sig=<Signature (self, object, /)>
MCamera.CameraFrame callable=<class 'CameraFrame'>
MCamera.CameraRuntimeInfo callable=<class 'CameraRuntimeInfo'>
MCamera.CaptureFrame sig=<Signature (self, /)>
MCamera.GetPriorityScriptBase sig=<Signature (self, /)>
MCamera.GetPriorityScriptExpress sig=<Signature (self, /)>
MCamera.GetPriorityScriptTop sig=<Signature (self, /)>
MRender type=<class 'module'> repr=<module 'MRender'>
MRender names=['AddAffiliatedRender', 'AddAffiliatedViewport', 'AddExtMaskOfPreCompileShaderProgram', 'BakeDecalOnModel', 'BakeTexture', 'BakeTextureInDuration', 'CaptureSequence', 'ClearDynamicTexture', 'ClearSemanticToAffiliatedViewport', 'CompileMissShaders', 'CompleteRealTimeBakeDecal', 'CreateDynamicTexture', 'CreateTexture2dArrayRuntime', 'CreateTextureAtlas', 'CreateTextureAtlasInFormat', 'DestroyDynamicTexture', 'DestroyTexture2DArrayRuntime', 'DestroyTextureAtlas', 'DissolveTransitDynamic', 'DissolveTransitStatic', 'Diy0ToPercent', 'Diy1ToPercent', 'DrawSphereOnHeightmap', 'EnableCloudGodRayRendering', 'EnableCollectShaderCacheMiss', 'EnableCompactTextureHeaderFirst', 'EnableCompilingElementShader', 'EnableCompilingFallbackShader', 'EnableCompilingMaterialShader', 'EnableComputePass', 'EnableDOFRendering', 'EnableDissolveTransition', 'EnableDynamicResourceAlis', 'EnableFallbackShader', 'EnableFeedElementShader', 'EnableFeedMaterialShader', 'EnableFoliageIndirectRendering', 'EnableFoliageIndirectWorkaround', 'EnableFrameExtrapolation', 'EnableHDRDisplay', 'EnableHDRRendering', 'EnableHMotionBlurRendering', 'EnableManipulatorRender', 'EnableMiniFallBackShader', 'EnablePredictShader', 'EnableRendering', 'EnableSMAA', 'EnableSSAO', 'EnableShaderCacheWrite', 'EnableShaderGraphPostProcess', 'EnableShaderHttpFetch', 'EnableTSAARendering', 'EnableTileMemoryHeap', 'EnableVBufferGen', 'EnableVolumetricCloudRendering', 'EnableVolumetricFogLighting', 'FlushFSRHistory', 'ForceRefreshCandelaSDF', 'ForceRefreshShadowMap', 'ForceRefreshShelterMap', 'ForceRefreshStaticMaps', 'GetAffiliatedRenderOption', 'GetAffiliatedRenderOptions', 'GetAffiliatedRenderTextureId', 'GetAffiliatedViewportTextureId', 'GetAvgCompileShaderElapsedTime', 'GetAvgDownloadShaderElapsedTime', 'GetCompiledShaderProfiles', 'GetDebugOption', 'GetDynamicTextureData', 'GetParameter', 'GetParameterCollectionValue', 'GetParameterID', 'GetPresetGraphicsLevel', 'GetPresetGraphicsLevelDeviceName', 'GetRenderOption', 'GetRenderOptions', 'GetShaderCacheMissRecords', 'GetShaderCacheNames', 'GetShaderCacheProfiles', 'GetShaderHttpFetchRate', 'GetShaderSimulateBusyWaiting', 'GetSupportMaxMultisampleQuality', 'GrayToPercent', 'IsCompactTextureHeaderFirst', 'IsDeferredRendering', 'IsEnableCandelaGI', 'IsEnableDLSS', 'IsEnableEnvRendering', 'IsEnableFog', 'IsEnableSGSR', 'IsEnableSSSRendering', 'IsEnableScreenSpaceReflection', 'IsEncodeHDR', 'IsFullRTDeferred', 'IsGodRayRendering', 'IsSupportMSAA', 'Link3DUIToAffiliatedViewport', 'LinkSemanticToAffiliatedRender', 'LinkSemanticToAffiliatedViewport', 'LoadDynamicTexture', 'LoadShaderCache', 'LoadShaderSource', 'MotionBlurToPercent', 'NeedGBufferNormal', 'OldMovieToPercent', 'PreCompileShaderProgramOfMap', 'PreCompileShaderProgramOfMapByPythonConfig', 'PreCompileShaders', 'PreloadPSO', 'PyStartCollectPSOInfo', 'ReadOnBlackBoard', 'RealTimeBakeDecalOnModel', 'RefreshOneShaderSource', 'RefreshShaderCache', 'RefreshShaderSource', 'RemoveAffiliatedRender', 'RemoveAffiliatedViewport', 'ResetAllParameterCollections', 'ResetParameterCollection', 'ResetShaderGraphParameters', 'SavePSOInfo', 'SaveTextureAtlasToFile', 'SetAffiliatedRenderOption', 'SetAffiliatedRenderOptions', 'SetAffiliatedRenderRenderOption', 'SetAffiliatedViewportRenderTargetResource', 'SetColorGrading', 'SetCompileShaderNotification', 'SetDebugDrawFlag', 'SetDebugOption', 'SetDiy0Param', 'SetDiy1Param', 'SetDiyParameter', 'SetDiyTexture', 'SetDynamicTexturePixel', 'SetFrameInterpRenderMode', 'SetGlobalParticleLOD', 'SetImpactStrength', 'SetMaxForwardLights', 'SetMaxPreloadPSOCount', 'SetOnlyDrawUIs', 'SetPSOConfigVersion', 'SetPSODisabled', 'SetPSOEnabled', 'SetParameterCollectionValue', 'SetParameterModifer', 'SetPreCompileShaderComplexityNotification', 'SetPreCompileShaderProgressNotification', 'SetPreCompileShaderProgressNotificationEx', 'SetPrecompileShadersOfMapCallback', 'SetRenderOption', 'SetRenderOptions', 'SetRenderResourceDelayDeleteInterval', 'SetReportDetails', 'SetScreenColor', 'SetSelectedColor', 'SetShaderGlobalMask', 'SetShaderGraphParameter', 'SetShaderHttpFetchData', 'SetShaderHttpFetchHeader', 'SetShaderSimulateBusyWaiting', 'SetShaderVariationConfig', 'SetShaderVariationFilterStatus', 'SetTextureMipLevelOffsets', 'SetVisibilityForReport', 'SplitLocalCompiled', 'SupportMipDistance', 'TransformFromHudWorldToWorld', 'TransformFromWorldToHudWorld', 'UpdateAffiliatedRenderResolution', 'UpdateAffiliatedViewportResolution', 'UpdateDynamicTexture', 'UpdateRealTimeDecalCamera', 'WriteOnBlackBoard', 'WriteShaderCache']
MRender.AddAffiliatedRender callable=<built-in function AddAffiliatedRender>
MRender.AddAffiliatedViewport callable=<built-in function AddAffiliatedViewport>
MRender.AddExtMaskOfPreCompileShaderProgram sig=<Signature (self, object, /)>
MRender.BakeDecalOnModel callable=<built-in function BakeDecalOnModel>
MRender.BakeTexture callable=<built-in function BakeTexture>
MRender.BakeTextureInDuration callable=<built-in function BakeTextureInDuration>
MRender.CaptureSequence sig=<Signature (self, object, /)>
MRender.ClearDynamicTexture callable=<built-in function ClearDynamicTexture>
MRender.ClearSemanticToAffiliatedViewport sig=<Signature (self, object, /)>
MRender.CompileMissShaders sig=<Signature (self, object, /)>
MRender.CompleteRealTimeBakeDecal sig=<Signature (self, object, /)>
MRender.CreateDynamicTexture callable=<built-in function CreateDynamicTexture>
MRender.CreateTexture2dArrayRuntime callable=<built-in function CreateTexture2dArrayRuntime>
MRender.CreateTextureAtlas callable=<built-in function CreateTextureAtlas>
MRender.CreateTextureAtlasInFormat callable=<built-in function CreateTextureAtlasInFormat>
MRender.DestroyDynamicTexture sig=<Signature (self, object, /)>
MRender.DestroyTexture2DArrayRuntime sig=<Signature (self, object, /)>
MRender.DestroyTextureAtlas sig=<Signature (self, object, /)>
MRender.DissolveTransitDynamic callable=<built-in function DissolveTransitDynamic>
MRender.DissolveTransitStatic callable=<built-in function DissolveTransitStatic>
MRender.Diy0ToPercent callable=<built-in function Diy0ToPercent>
MRender.Diy1ToPercent callable=<built-in function Diy1ToPercent>
MRender.DrawSphereOnHeightmap callable=<built-in function DrawSphereOnHeightmap>
MRender.EnableCloudGodRayRendering sig=<Signature (self, /)>
MRender.EnableCollectShaderCacheMiss sig=<Signature (self, object, /)>
MRender.EnableCompactTextureHeaderFirst sig=<Signature (self, object, /)>
MRender.EnableCompilingElementShader sig=<Signature (self, object, /)>
MRender.EnableCompilingFallbackShader sig=<Signature (self, object, /)>
MRender.EnableCompilingMaterialShader sig=<Signature (self, object, /)>
MRender.EnableComputePass sig=<Signature (self, /)>
MRender.EnableDOFRendering sig=<Signature (self, /)>
MRender.EnableDissolveTransition sig=<Signature (self, /)>
MRender.EnableDynamicResourceAlis sig=<Signature (self, object, /)>
MRender.EnableFallbackShader sig=<Signature (self, object, /)>
MRender.EnableFeedElementShader sig=<Signature (self, object, /)>
MRender.EnableFeedMaterialShader sig=<Signature (self, object, /)>
MRender.EnableFoliageIndirectRendering sig=<Signature (self, /)>
MRender.EnableFoliageIndirectWorkaround sig=<Signature (self, /)>
MRender.EnableFrameExtrapolation sig=<Signature (self, /)>
MRender.EnableHDRDisplay sig=<Signature (self, /)>
MRender.EnableHDRRendering sig=<Signature (self, /)>
MRender.EnableHMotionBlurRendering sig=<Signature (self, /)>
MRender.EnableManipulatorRender sig=<Signature (self, object, /)>
MRender.EnableMiniFallBackShader callable=<built-in function EnableMiniFallBackShader>
MRender.EnablePredictShader sig=<Signature (self, object, /)>
MRender.EnableRendering sig=<Signature (self, object, /)>
MRender.EnableSMAA sig=<Signature (self, /)>
MRender.EnableSSAO sig=<Signature (self, /)>
MRender.EnableShaderCacheWrite callable=<built-in function EnableShaderCacheWrite>
MRender.EnableShaderGraphPostProcess callable=<built-in function EnableShaderGraphPostProcess>
MRender.EnableShaderHttpFetch sig=<Signature (self, object, /)>
MRender.EnableTSAARendering sig=<Signature (self, /)>
MRender.EnableTileMemoryHeap sig=<Signature (self, object, /)>
MRender.EnableVBufferGen sig=<Signature (self, /)>
MRender.EnableVolumetricCloudRendering sig=<Signature (self, /)>
MRender.EnableVolumetricFogLighting sig=<Signature (self, /)>
MRender.FlushFSRHistory sig=<Signature (self, object, /)>
MRender.ForceRefreshCandelaSDF sig=<Signature (self, /)>
MRender.ForceRefreshShadowMap sig=<Signature (self, /)>
MRender.ForceRefreshShelterMap sig=<Signature (self, /)>
MRender.ForceRefreshStaticMaps sig=<Signature (self, /)>
MRender.GetAffiliatedRenderOption callable=<built-in function GetAffiliatedRenderOption>
MRender.GetAffiliatedRenderOptions sig=<Signature (self, object, /)>
MRender.GetAffiliatedRenderTextureId sig=<Signature (self, object, /)>
MRender.GetAffiliatedViewportTextureId sig=<Signature (self, object, /)>
MRender.GetAvgCompileShaderElapsedTime sig=<Signature (self, /)>
MRender.GetAvgDownloadShaderElapsedTime sig=<Signature (self, /)>
MRender.GetCompiledShaderProfiles sig=<Signature (self, object, /)>
MRender.GetDebugOption sig=<Signature (self, object, /)>
MRender.GetDynamicTextureData sig=<Signature (self, object, /)>
MRender.GetParameter sig=<Signature (self, object, /)>
MRender.GetParameterCollectionValue callable=<built-in function GetParameterCollectionValue>
MRender.GetParameterID sig=<Signature (self, object, /)>
MRender.GetPresetGraphicsLevel sig=<Signature (self, /)>
MRender.GetPresetGraphicsLevelDeviceName sig=<Signature (self, /)>
MRender.GetRenderOption sig=<Signature (self, object, /)>
MRender.GetRenderOptions sig=<Signature (self, /)>
MRender.GetShaderCacheMissRecords sig=<Signature (self, /)>
MRender.GetShaderCacheNames sig=<Signature (self, /)>
MRender.GetShaderCacheProfiles sig=<Signature (self, object, /)>
MRender.GetShaderHttpFetchRate sig=<Signature (self, /)>
MRender.GetShaderSimulateBusyWaiting sig=<Signature (self, /)>
MRender.GetSupportMaxMultisampleQuality sig=<Signature (self, /)>
MRender.GrayToPercent callable=<built-in function GrayToPercent>
MRender.IsCompactTextureHeaderFirst sig=<Signature (self, /)>
MRender.IsDeferredRendering sig=<Signature (self, /)>
MRender.IsEnableCandelaGI sig=<Signature (self, /)>
MRender.IsEnableDLSS sig=<Signature (self, /)>
MRender.IsEnableEnvRendering sig=<Signature (self, /)>
MRender.IsEnableFog sig=<Signature (self, /)>
MRender.IsEnableSGSR sig=<Signature (self, /)>
MRender.IsEnableSSSRendering sig=<Signature (self, /)>
MRender.IsEnableScreenSpaceReflection sig=<Signature (self, /)>
MRender.IsEncodeHDR sig=<Signature (self, /)>
MRender.IsFullRTDeferred sig=<Signature (self, /)>
MRender.IsGodRayRendering sig=<Signature (self, /)>
MRender.IsSupportMSAA sig=<Signature (self, /)>
MRender.Link3DUIToAffiliatedViewport sig=<Signature (self, object, /)>
MRender.LinkSemanticToAffiliatedRender callable=<built-in function LinkSemanticToAffiliatedRender>
MRender.LinkSemanticToAffiliatedViewport callable=<built-in function LinkSemanticToAffiliatedViewport>
MRender.LoadDynamicTexture callable=<built-in function LoadDynamicTexture>
MRender.LoadShaderCache sig=<Signature (self, object, /)>
MRender.LoadShaderSource sig=<Signature (self, /)>
MRender.MotionBlurToPercent callable=<built-in function MotionBlurToPercent>
MRender.NeedGBufferNormal sig=<Signature (self, /)>
MRender.OldMovieToPercent callable=<built-in function OldMovieToPercent>
MRender.PreCompileShaderProgramOfMap callable=<built-in function PreCompileShaderProgramOfMap>
MRender.PreCompileShaderProgramOfMapByPythonConfig callable=<built-in function PreCompileShaderProgramOfMapByPythonConfig>
MRender.PreCompileShaders callable=<built-in function PreCompileShaders>
MRender.PreloadPSO sig=<Signature (self, /)>
MRender.PyStartCollectPSOInfo sig=<Signature (self, object, /)>
MRender.ReadOnBlackBoard sig=<Signature (self, object, /)>
MRender.RealTimeBakeDecalOnModel callable=<built-in function RealTimeBakeDecalOnModel>
MRender.RefreshOneShaderSource callable=<built-in function RefreshOneShaderSource>
MRender.RefreshShaderCache sig=<Signature (self, object, /)>
MRender.RefreshShaderSource sig=<Signature (self, object, /)>
MRender.RemoveAffiliatedRender sig=<Signature (self, object, /)>
MRender.RemoveAffiliatedViewport sig=<Signature (self, object, /)>
MRender.ResetAllParameterCollections sig=<Signature (self, /)>
MRender.ResetParameterCollection sig=<Signature (self, object, /)>
MRender.ResetShaderGraphParameters sig=<Signature (self, object, /)>
MRender.SavePSOInfo sig=<Signature (self, /)>
MRender.SaveTextureAtlasToFile callable=<built-in function SaveTextureAtlasToFile>
MRender.SetAffiliatedRenderOption callable=<built-in function SetAffiliatedRenderOption>
MRender.SetAffiliatedRenderOptions callable=<built-in function SetAffiliatedRenderOptions>
MRender.SetAffiliatedRenderRenderOption callable=<built-in function SetAffiliatedRenderRenderOption>
MRender.SetAffiliatedViewportRenderTargetResource callable=<built-in function SetAffiliatedViewportRenderTargetResource>
MRender.SetColorGrading sig=<Signature (self, object, /)>
MRender.SetCompileShaderNotification sig=<Signature (self, object, /)>
MRender.SetDebugDrawFlag sig=<Signature (self, object, /)>
MRender.SetDebugOption callable=<built-in function SetDebugOption>
MRender.SetDiy0Param callable=<built-in function SetDiy0Param>
MRender.SetDiy1Param callable=<built-in function SetDiy1Param>
MRender.SetDiyParameter callable=<built-in function SetDiyParameter>
MRender.SetDiyTexture sig=<Signature (self, object, /)>
MRender.SetDynamicTexturePixel callable=<built-in function SetDynamicTexturePixel>
MRender.SetFrameInterpRenderMode sig=<Signature (self, object, /)>
MRender.SetGlobalParticleLOD sig=<Signature (self, object, /)>
MRender.SetImpactStrength callable=<built-in function SetImpactStrength>
MRender.SetMaxForwardLights sig=<Signature (self, object, /)>
MRender.SetMaxPreloadPSOCount sig=<Signature (self, object, /)>
MRender.SetOnlyDrawUIs sig=<Signature (self, object, /)>
MRender.SetPSOConfigVersion sig=<Signature (self, object, /)>
MRender.SetPSODisabled sig=<Signature (self, object, /)>
MRender.SetPSOEnabled sig=<Signature (self, /)>
MRender.SetParameterCollectionValue callable=<built-in function SetParameterCollectionValue>
MRender.SetParameterModifer callable=<built-in function SetParameterModifer>
MRender.SetPreCompileShaderComplexityNotification sig=<Signature (self, object, /)>
MRender.SetPreCompileShaderProgressNotification sig=<Signature (self, object, /)>
MRender.SetPreCompileShaderProgressNotificationEx sig=<Signature (self, object, /)>
MRender.SetPrecompileShadersOfMapCallback sig=<Signature (self, object, /)>
MRender.SetRenderOption callable=<built-in function SetRenderOption>
MRender.SetRenderOptions sig=<Signature (self, object, /)>
MRender.SetRenderResourceDelayDeleteInterval sig=<Signature (self, object, /)>
MRender.SetReportDetails sig=<Signature (self, object, /)>
MRender.SetScreenColor callable=<built-in function SetScreenColor>
MRender.SetSelectedColor sig=<Signature (self, object, /)>
MRender.SetShaderGlobalMask sig=<Signature (self, object, /)>
MRender.SetShaderGraphParameter callable=<built-in function SetShaderGraphParameter>
MRender.SetShaderHttpFetchData callable=<built-in function SetShaderHttpFetchData>
MRender.SetShaderHttpFetchHeader sig=<Signature (self, object, /)>
MRender.SetShaderSimulateBusyWaiting sig=<Signature (self, object, /)>
MRender.SetShaderVariationConfig sig=<Signature (self, object, /)>
MRender.SetShaderVariationFilterStatus sig=<Signature (self, object, /)>
MRender.SetTextureMipLevelOffsets sig=<Signature (self, object, /)>
MRender.SetVisibilityForReport sig=<Signature (self, object, /)>
MRender.SplitLocalCompiled callable=<built-in function SplitLocalCompiled>
MRender.SupportMipDistance sig=<Signature (self, object, /)>
MRender.TransformFromHudWorldToWorld callable=<built-in function TransformFromHudWorldToWorld>
MRender.TransformFromWorldToHudWorld callable=<built-in function TransformFromWorldToHudWorld>
MRender.UpdateAffiliatedRenderResolution callable=<built-in function UpdateAffiliatedRenderResolution>
MRender.UpdateAffiliatedViewportResolution callable=<built-in function UpdateAffiliatedViewportResolution>
MRender.UpdateDynamicTexture callable=<built-in function UpdateDynamicTexture>
MRender.UpdateRealTimeDecalCamera callable=<built-in function UpdateRealTimeDecalCamera>
MRender.WriteOnBlackBoard callable=<built-in function WriteOnBlackBoard>
MRender.WriteShaderCache sig=<Signature (self, /)>
gclient.framework.camera type=<class 'module'> repr=<module 'gclient.framework.camera' (C:\Program Files (x86)\bloodstrike\Package\Script\Python/gclient/framework/camera/__init__.py)>
gclient.framework.camera names=['aim_placer', 'als_tps_placer', 'base_placer', 'dead_follow_placer', 'engine_placer', 'follow_placer', 'fps_placer', 'fps_state_fsm', 'freeview_placer', 'gun_smith_aim_placer', 'hilda_aim_placer', 'hilda_follow_placer', 'lookaround_placer', 'parachute_placer', 'replay_placer', 'simple_tps_placer', 'titan_2_armor_charge_placer', 'tps_placer', 'types', 'vehicle_placer']
gclient.framework.camera.freeview_placer=<module 'gclient.framework.camera.freeview_placer' (C:\Program Files (x86)\bloodstrike\Package\Script\Python/gclient/framework/camera/freeview_placer.py)>
gclient.framework.entities.camera type=<class 'module'> repr=<module 'gclient.framework.entities.camera' (C:\Program Files (x86)\bloodstrike\Package\Script\Python/gclient/framework/entities/camera.py)>
gclient.framework.entities.camera names=['ALSTpsPlacer', 'BLEND_TYPE', 'BasePlacer', 'CAMERA_ID_NEED_BLENDER', 'Camera', 'CameraMode', 'CameraSunshineComponent', 'ClientAreaEntity', 'Components', 'FpsPlacer', 'FreeviewPlacer', 'GunSmithAimPlacer', 'LookAroundPlacer', 'MEngine', 'MHelper', 'MObject', 'MRender', 'MType', 'ParachutePlacer', 'ReplayDummy', 'ReplayPlacer', 'SunshineComponent', 'TimerComponent', 'UpdateObject', 'camera_data', 'cconst', 'consts', 'events', 'formula', 'functools', 'replay_util', 'six2', 'sys', 'with_tag']
gclient.framework.entities.camera.ALSTpsPlacer sig=<Signature (controller)>
gclient.framework.entities.camera.BasePlacer sig=<Signature (master)>
gclient.framework.entities.camera.CAMERA_ID_NEED_BLENDER={38, 39, 44, 19, 26, 30, 31}
gclient.framework.entities.camera.Camera sig=<Signature (space)>
gclient.framework.entities.camera.CameraMode sig=<Signature ()>
gclient.framework.entities.camera.CameraSunshineComponent sig=<Signature ()>
gclient.framework.entities.camera.ClientAreaEntity sig=<Signature (entityid=None)>
gclient.framework.entities.camera.Components sig=<Signature (*components, **kwargs)>
gclient.framework.entities.camera.FpsPlacer sig=<Signature (master)>
gclient.framework.entities.camera.FreeviewPlacer sig=<Signature (master)>
gclient.framework.entities.camera.GunSmithAimPlacer sig=<Signature (controller)>
gclient.framework.entities.camera.LookAroundPlacer sig=<Signature (controller)>
gclient.framework.entities.camera.MRender=<module 'MRender'>
gclient.framework.entities.camera.ParachutePlacer sig=<Signature (master)>
gclient.framework.entities.camera.ReplayDummy sig=<Signature (entityid=None)>
gclient.framework.entities.camera.ReplayPlacer sig=<Signature (master)>
gclient.framework.entities.camera.SunshineComponent sig=<Signature ()>
gclient.framework.entities.camera.TimerComponent sig=<Signature ()>
gclient.framework.entities.camera.UpdateObject sig=<Signature (obj, meta, data, partialUpdate=False)>
gclient.framework.entities.camera.camera_data=<module 'gclient.data.camera_data' (C:\Program Files (x86)\bloodstrike\Package\Script\Python/gclient/data/camera_data.py)>
gclient.framework.entities.camera.with_tag sig=<Signature (*args)>
gclient.framework.camera.types type=<class 'module'> repr=<module 'gclient.framework.camera.types' (C:\Program Files (x86)\bloodstrike\Package\Script\Python/gclient/framework/camera/types.py)>
gclient.framework.camera.types names=['BoundedRationalCurve', 'BurstUnderdampedOscillator', 'Cut', 'DampValue', 'DampingCurveSimulator', 'FilterBase', 'FirstOrderLagFilter', 'GEAR_BACKWARD', 'GEAR_EMPTY', 'GEAR_F1', 'JitterSimulator', 'Lerp', 'LerpRadian', 'LineFit', 'MovingAverageFilter', 'OneDimensionSpring', 'OneDimensionSpringVector3', 'PerlinNoise', 'PiecewiseFunction', 'PiecewiseSegment', 'RationalCurve', 'RationalCurveVector3', 'SignedFirstOrderLagFilter', 'SimilarHalfLife', 'ThreeBezierCurve', 'TractionSimulator', 'deque', 'easing', 'formula', 'math', 'random', 'six2']
gclient.framework.camera.types.BoundedRationalCurve sig=<Signature (OriginValue, TargetValue, Easing, Lower, Upper)>
gclient.framework.camera.types.BurstUnderdampedOscillator sig=<Signature (initAmplitude, minAmplitude, dampingFactor, dampCount, dampPhase, duration)>
gclient.framework.camera.types.Cut sig=<Signature (left, right, value)>
gclient.framework.camera.types.DampValue sig=<Signature (A, B, fDamp, fIntervalTime)>
gclient.framework.camera.types.DampingCurveSimulator sig=<Signature (easing, duration=1, amplitude=1, period=1, phase=0.0, endValue=0.0)>
gclient.framework.camera.types.FilterBase sig=<Signature (default=0.0)>
gclient.framework.camera.types.FirstOrderLagFilter sig=<Signature (factor, default=0.0)>
gclient.framework.camera.types.JitterSimulator sig=<Signature (amplitude=1, amplitude_factor=0, period=1, period_factor=0, speed=1)>
gclient.framework.camera.types.Lerp sig=<Signature (frm, to, ratio, func='linear')>
gclient.framework.camera.types.LerpRadian sig=<Signature (r1, r2, ratio)>
gclient.framework.camera.types.LineFit sig=<Signature (xs, ys)>
gclient.framework.camera.types.MovingAverageFilter sig=<Signature (window_size, default=0.0)>
gclient.framework.camera.types.OneDimensionSpring sig=<Signature (name, **kwargs)>
gclient.framework.camera.types.OneDimensionSpringVector3 sig=<Signature (name, **kwargs)>
gclient.framework.camera.types.PerlinNoise sig=<Signature (map, range=(0, 1.0))>
gclient.framework.camera.types.PiecewiseFunction sig=<Signature ()>
gclient.framework.camera.types.PiecewiseSegment sig=<Signature (x, y, f)>
gclient.framework.camera.types.RationalCurve sig=<Signature (name, **kwargs)>
gclient.framework.camera.types.RationalCurveVector3 sig=<Signature (name, **kwargs)>
gclient.framework.camera.types.SignedFirstOrderLagFilter sig=<Signature (increase_factor, decrease_factor, defalut=0.0)>
gclient.framework.camera.types.SimilarHalfLife sig=<Signature (x, xmax=6.0, ymax=1.0)>
gclient.framework.camera.types.ThreeBezierCurve sig=<Signature (p0, p1, p2, p3)>
gclient.framework.camera.types.TractionSimulator sig=<Signature ()>
gclient.framework.camera.types.deque callable=<class 'collections.deque'>
gclient.framework.camera.engine_placer type=<class 'module'> repr=<module 'gclient.framework.camera.engine_placer' (C:\Program Files (x86)\bloodstrike\Package\Script\Python/gclient/framework/camera/engine_placer.py)>
gclient.framework.camera.engine_placer names=['BasePlacer', 'EnginePlacer', 'MEngine', 'MHelper', 'MObject', 'Timer', 'cconst', 'six2']
gclient.framework.camera.engine_placer.BasePlacer sig=<Signature (master)>
gclient.framework.camera.engine_placer.EnginePlacer sig=<Signature (master)>
CAMERA_GLOBALS=[('gclient.framework.entities.camera', 'Camera', "<class 'gclient.framework.entities.camera.Camera'>")]
END
