BEGIN 1785833746.690953
screen=(1334.0, 750.0) visible_size=Size(1334.000000, 750.000000) origin=(0.0, 0.0)
attached=True engine_target=<IEntity object at 0x000001709B43A680>
SAMPLE 0 pos="<getPosition failed: RuntimeError('underlying c++ object is already released')>" world="<convertToWorldSpaceAR failed: RuntimeError('underlying c++ object is already released')>" parent="<getParent failed: RuntimeError('underlying c++ object is already released')>" visible="<isVisible failed: RuntimeError('underlying c++ object is already released')>" camera=(-1.3683913946151733, 7.832022674847394e-05, 75.0, (-18.324127197265625, 1.5515000820159912), 1785833746.701924)
SAMPLE 1 pos="<getPosition failed: RuntimeError('underlying c++ object is already released')>" world="<convertToWorldSpaceAR failed: RuntimeError('underlying c++ object is already released')>" parent="<getParent failed: RuntimeError('underlying c++ object is already released')>" visible="<isVisible failed: RuntimeError('underlying c++ object is already released')>" camera=(-1.3683913946151733, 7.832022674847394e-05, 75.0, (-18.324127197265625, 1.5515000820159912), 1785833746.7974625)
SAMPLE 2 pos="<getPosition failed: RuntimeError('underlying c++ object is already released')>" world="<convertToWorldSpaceAR failed: RuntimeError('underlying c++ object is already released')>" parent="<getParent failed: RuntimeError('underlying c++ object is already released')>" visible="<isVisible failed: RuntimeError('underlying c++ object is already released')>" camera=(-1.3683913946151733, 7.832022674847394e-05, 75.0, (-18.324127197265625, 1.5515000820159912), 1785833746.862636)
SAMPLE 3 pos="<getPosition failed: RuntimeError('underlying c++ object is already released')>" world="<convertToWorldSpaceAR failed: RuntimeError('underlying c++ object is already released')>" parent="<getParent failed: RuntimeError('underlying c++ object is already released')>" visible="<isVisible failed: RuntimeError('underlying c++ object is already released')>" camera=(-1.3683913946151733, 7.832022674847394e-05, 75.0, (-18.324127197265625, 1.5515000820159912), 1785833746.895839)
SAMPLE 4 pos="<getPosition failed: RuntimeError('underlying c++ object is already released')>" world="<convertToWorldSpaceAR failed: RuntimeError('underlying c++ object is already released')>" parent="<getParent failed: RuntimeError('underlying c++ object is already released')>" visible="<isVisible failed: RuntimeError('underlying c++ object is already released')>" camera=(-1.3683913946151733, 7.832022674847394e-05, 75.0, (-18.324127197265625, 1.5515000820159912), 1785833746.9609058)
SAMPLE 5 pos="<getPosition failed: RuntimeError('underlying c++ object is already released')>" world="<convertToWorldSpaceAR failed: RuntimeError('underlying c++ object is already released')>" parent="<getParent failed: RuntimeError('underlying c++ object is already released')>" visible="<isVisible failed: RuntimeError('underlying c++ object is already released')>" camera=(-1.3683913946151733, 7.832022674847394e-05, 75.0, (-18.324127197265625, 1.5515000820159912), 1785833746.9960346)
SAMPLE 6 pos="<getPosition failed: RuntimeError('underlying c++ object is already released')>" world="<convertToWorldSpaceAR failed: RuntimeError('underlying c++ object is already released')>" parent="<getParent failed: RuntimeError('underlying c++ object is already released')>" visible="<isVisible failed: RuntimeError('underlying c++ object is already released')>" camera=(-1.3683913946151733, 7.832022674847394e-05, 75.0, (-18.324127197265625, 1.5515000820159912), 1785833747.0611844)
SAMPLE 7 pos="<getPosition failed: RuntimeError('underlying c++ object is already released')>" world="<convertToWorldSpaceAR failed: RuntimeError('underlying c++ object is already released')>" parent="<getParent failed: RuntimeError('underlying c++ object is already released')>" visible="<isVisible failed: RuntimeError('underlying c++ object is already released')>" camera=(-1.3683913946151733, 7.832022674847394e-05, 75.0, (-18.324127197265625, 1.5515000820159912), 1785833747.0938702)
SAMPLE 8 pos="<getPosition failed: RuntimeError('underlying c++ object is already released')>" world="<convertToWorldSpaceAR failed: RuntimeError('underlying c++ object is already released')>" parent="<getParent failed: RuntimeError('underlying c++ object is already released')>" visible="<isVisible failed: RuntimeError('underlying c++ object is already released')>" camera=(-1.3683913946151733, 7.832022674847394e-05, 75.0, (-18.324127197265625, 1.5515000820159912), 1785833747.1618211)
SAMPLE 9 pos="<getPosition failed: RuntimeError('underlying c++ object is already released')>" world="<convertToWorldSpaceAR failed: RuntimeError('underlying c++ object is already released')>" parent="<getParent failed: RuntimeError('underlying c++ object is already released')>" visible="<isVisible failed: RuntimeError('underlying c++ object is already released')>" camera=(-1.3683913946151733, 7.832022674847394e-05, 75.0, (-18.324127197265625, 1.5515000820159912), 1785833747.1951447)
SAMPLE 10 pos="<getPosition failed: RuntimeError('underlying c++ object is already released')>" world="<convertToWorldSpaceAR failed: RuntimeError('underlying c++ object is already released')>" parent="<getParent failed: RuntimeError('underlying c++ object is already released')>" visible="<isVisible failed: RuntimeError('underlying c++ object is already released')>" camera=(-1.3683913946151733, 7.832022674847394e-05, 75.0, (-18.324127197265625, 1.5515000820159912), 1785833747.2589495)
SAMPLE 11 pos="<getPosition failed: RuntimeError('underlying c++ object is already released')>" world="<convertToWorldSpaceAR failed: RuntimeError('underlying c++ object is already released')>" parent="<getParent failed: RuntimeError('underlying c++ object is already released')>" visible="<isVisible failed: RuntimeError('underlying c++ object is already released')>" camera=(-1.3683913946151733, 7.832022674847394e-05, 75.0, (-18.324127197265625, 1.5515000820159912), 1785833747.3245885)
END
BEGIN 1785833774.522998
screen=(1334.0, 750.0) visible_size=Size(1334.000000, 750.000000) origin=(0.0, 0.0)
attached=True engine_target=<IEntity object at 0x000001709B43A680>
SAMPLE 0 pos=(852.4783325195312, 378.1390380859375) world=(852.4783325195312, 378.1390380859375) parent=None visible=True camera=(-1.3683913946151733, 7.832022674847394e-05, 75.0, (-18.324127197265625, 1.5515000820159912), 1785833774.5554667)
SAMPLE 1 pos=(852.4783325195312, 378.1390380859375) world=(852.4783325195312, 378.1390380859375) parent=None visible=True camera=(-1.3683913946151733, 7.832022674847394e-05, 75.0, (-18.324127197265625, 1.5515000820159912), 1785833774.6484487)
SAMPLE 2 pos=(852.4783325195312, 378.1390380859375) world=(852.4783325195312, 378.1390380859375) parent=None visible=True camera=(-1.3683913946151733, 7.832022674847394e-05, 75.0, (-18.324127197265625, 1.5515000820159912), 1785833774.681975)
SAMPLE 3 pos=(852.4783325195312, 378.1390380859375) world=(852.4783325195312, 378.1390380859375) parent=None visible=True camera=(-1.3683913946151733, 7.832022674847394e-05, 75.0, (-18.324127197265625, 1.5515000820159912), 1785833774.750085)
SAMPLE 4 pos=(852.4783325195312, 378.1390380859375) world=(852.4783325195312, 378.1390380859375) parent=None visible=True camera=(-1.3683913946151733, 7.832022674847394e-05, 75.0, (-18.324127197265625, 1.5515000820159912), 1785833774.782459)
SAMPLE 5 pos=(852.4783325195312, 378.1390380859375) world=(852.4783325195312, 378.1390380859375) parent=None visible=True camera=(-1.3683913946151733, 7.832022674847394e-05, 75.0, (-18.324127197265625, 1.5515000820159912), 1785833774.8491678)
SAMPLE 6 pos=(852.4783325195312, 378.1390380859375) world=(852.4783325195312, 378.1390380859375) parent=None visible=True camera=(-1.3683913946151733, 7.832022674847394e-05, 75.0, (-18.324127197265625, 1.5515000820159912), 1785833774.8802629)
SAMPLE 7 pos=(852.4783325195312, 378.1390380859375) world=(852.4783325195312, 378.1390380859375) parent=None visible=True camera=(-1.3683913946151733, 7.832022674847394e-05, 75.0, (-18.324127197265625, 1.5515000820159912), 1785833774.9471533)
SAMPLE 8 pos=(852.4783325195312, 378.1390380859375) world=(852.4783325195312, 378.1390380859375) parent=None visible=True camera=(-1.3683913946151733, 7.832022674847394e-05, 75.0, (-18.324127197265625, 1.5515000820159912), 1785833774.979531)
SAMPLE 9 pos=(852.4783325195312, 378.1390380859375) world=(852.4783325195312, 378.1390380859375) parent=None visible=True camera=(-1.3683913946151733, 7.832022674847394e-05, 75.0, (-18.324127197265625, 1.5515000820159912), 1785833775.046266)
SAMPLE 10 pos=(852.4783325195312, 378.1390380859375) world=(852.4783325195312, 378.1390380859375) parent=None visible=True camera=(-1.3683913946151733, 7.832022674847394e-05, 75.0, (-18.324127197265625, 1.5515000820159912), 1785833775.0771937)
SAMPLE 11 pos=(852.4783325195312, 378.1390380859375) world=(852.4783325195312, 378.1390380859375) parent=None visible=True camera=(-1.3683913946151733, 7.832022674847394e-05, 75.0, (-18.324127197265625, 1.5515000820159912), 1785833775.1456356)
END
