BEGIN 1785808558.231999
worldPos: obj=<0.0000, 0.0000, 0.0000> type=<class 'Vector3'> dir=['clone', 'cross', 'dot', 'get_normalized', 'length', 'normalize', 'pitch', 'rotate', 'set_pitch_yaw', 'tuple', 'x', 'y', 'yaw', 'z']
worldPos.x=0.0
worldPos.y=0.0
worldPos.z=0.0
worldPos.r FAIL AttributeError("'Vector3' object has no attribute 'r'")
worldPos.g FAIL AttributeError("'Vector3' object has no attribute 'g'")
worldPos.b FAIL AttributeError("'Vector3' object has no attribute 'b'")
worldPos.a FAIL AttributeError("'Vector3' object has no attribute 'a'")
worldPos.X FAIL AttributeError("'Vector3' object has no attribute 'X'")
worldPos.Y FAIL AttributeError("'Vector3' object has no attribute 'Y'")
worldPos.Z FAIL AttributeError("'Vector3' object has no attribute 'Z'")
worldPos[0]=0.0
worldPos set attrs OK -> <1.2500, 2.5000, 3.7500>
worldPos set items OK -> <1.2500, 2.5000, 3.7500>
worldPos_after: obj=<1.2500, 2.5000, 3.7500> type=<class 'Vector3'> dir=['clone', 'cross', 'dot', 'get_normalized', 'length', 'normalize', 'pitch', 'rotate', 'set_pitch_yaw', 'tuple', 'x', 'y', 'yaw', 'z']
worldPos_after.x=1.25
worldPos_after.y=2.5
worldPos_after.z=3.75
worldPos_after.r FAIL AttributeError("'Vector3' object has no attribute 'r'")
worldPos_after.g FAIL AttributeError("'Vector3' object has no attribute 'g'")
worldPos_after.b FAIL AttributeError("'Vector3' object has no attribute 'b'")
worldPos_after.a FAIL AttributeError("'Vector3' object has no attribute 'a'")
worldPos_after.X FAIL AttributeError("'Vector3' object has no attribute 'X'")
worldPos_after.Y FAIL AttributeError("'Vector3' object has no attribute 'Y'")
worldPos_after.Z FAIL AttributeError("'Vector3' object has no attribute 'Z'")
worldPos_after[0]=1.25
color: obj=<1.0000, 1.0000, 1.0000> type=<class 'Vector3'> dir=['clone', 'cross', 'dot', 'get_normalized', 'length', 'normalize', 'pitch', 'rotate', 'set_pitch_yaw', 'tuple', 'x', 'y', 'yaw', 'z']
color.x=1.0
color.y=1.0
color.z=1.0
color.r FAIL AttributeError("'Vector3' object has no attribute 'r'")
color.g FAIL AttributeError("'Vector3' object has no attribute 'g'")
color.b FAIL AttributeError("'Vector3' object has no attribute 'b'")
color.a FAIL AttributeError("'Vector3' object has no attribute 'a'")
color.X FAIL AttributeError("'Vector3' object has no attribute 'X'")
color.Y FAIL AttributeError("'Vector3' object has no attribute 'Y'")
color.Z FAIL AttributeError("'Vector3' object has no attribute 'Z'")
color[0]=1.0
color set attrs OK -> <1.2500, 2.5000, 3.7500>
color set items OK -> <1.2500, 2.5000, 3.7500>
color_after: obj=<1.2500, 2.5000, 3.7500> type=<class 'Vector3'> dir=['clone', 'cross', 'dot', 'get_normalized', 'length', 'normalize', 'pitch', 'rotate', 'set_pitch_yaw', 'tuple', 'x', 'y', 'yaw', 'z']
color_after.x=1.25
color_after.y=2.5
color_after.z=3.75
color_after.r FAIL AttributeError("'Vector3' object has no attribute 'r'")
color_after.g FAIL AttributeError("'Vector3' object has no attribute 'g'")
color_after.b FAIL AttributeError("'Vector3' object has no attribute 'b'")
color_after.a FAIL AttributeError("'Vector3' object has no attribute 'a'")
color_after.X FAIL AttributeError("'Vector3' object has no attribute 'X'")
color_after.Y FAIL AttributeError("'Vector3' object has no attribute 'Y'")
color_after.Z FAIL AttributeError("'Vector3' object has no attribute 'Z'")
color_after[0]=1.25
strokeColor: obj=<1.0000, 1.0000, 1.0000> type=<class 'Vector3'> dir=['clone', 'cross', 'dot', 'get_normalized', 'length', 'normalize', 'pitch', 'rotate', 'set_pitch_yaw', 'tuple', 'x', 'y', 'yaw', 'z']
strokeColor.x=1.0
strokeColor.y=1.0
strokeColor.z=1.0
strokeColor.r FAIL AttributeError("'Vector3' object has no attribute 'r'")
strokeColor.g FAIL AttributeError("'Vector3' object has no attribute 'g'")
strokeColor.b FAIL AttributeError("'Vector3' object has no attribute 'b'")
strokeColor.a FAIL AttributeError("'Vector3' object has no attribute 'a'")
strokeColor.X FAIL AttributeError("'Vector3' object has no attribute 'X'")
strokeColor.Y FAIL AttributeError("'Vector3' object has no attribute 'Y'")
strokeColor.Z FAIL AttributeError("'Vector3' object has no attribute 'Z'")
strokeColor[0]=1.0
strokeColor set attrs OK -> <1.2500, 2.5000, 3.7500>
strokeColor set items OK -> <1.2500, 2.5000, 3.7500>
strokeColor_after: obj=<1.2500, 2.5000, 3.7500> type=<class 'Vector3'> dir=['clone', 'cross', 'dot', 'get_normalized', 'length', 'normalize', 'pitch', 'rotate', 'set_pitch_yaw', 'tuple', 'x', 'y', 'yaw', 'z']
strokeColor_after.x=1.25
strokeColor_after.y=2.5
strokeColor_after.z=3.75
strokeColor_after.r FAIL AttributeError("'Vector3' object has no attribute 'r'")
strokeColor_after.g FAIL AttributeError("'Vector3' object has no attribute 'g'")
strokeColor_after.b FAIL AttributeError("'Vector3' object has no attribute 'b'")
strokeColor_after.a FAIL AttributeError("'Vector3' object has no attribute 'a'")
strokeColor_after.X FAIL AttributeError("'Vector3' object has no attribute 'X'")
strokeColor_after.Y FAIL AttributeError("'Vector3' object has no attribute 'Y'")
strokeColor_after.Z FAIL AttributeError("'Vector3' object has no attribute 'Z'")
strokeColor_after[0]=1.25
offset: obj=<0.0000, 0.0000> type=<class 'Vector2'> dir=['clone', 'dot', 'get_normalized', 'length', 'normalize', 'tuple', 'x', 'y']
offset.x=0.0
offset.y=0.0
offset.z FAIL AttributeError("'Vector2' object has no attribute 'z'")
offset.r FAIL AttributeError("'Vector2' object has no attribute 'r'")
offset.g FAIL AttributeError("'Vector2' object has no attribute 'g'")
offset.b FAIL AttributeError("'Vector2' object has no attribute 'b'")
offset.a FAIL AttributeError("'Vector2' object has no attribute 'a'")
offset.X FAIL AttributeError("'Vector2' object has no attribute 'X'")
offset.Y FAIL AttributeError("'Vector2' object has no attribute 'Y'")
offset.Z FAIL AttributeError("'Vector2' object has no attribute 'Z'")
offset[0]=0.0
offset set attrs OK -> <1.2500, 2.5000>
offset set items OK -> <1.2500, 2.5000>
offset_after: obj=<1.2500, 2.5000> type=<class 'Vector2'> dir=['clone', 'dot', 'get_normalized', 'length', 'normalize', 'tuple', 'x', 'y']
offset_after.x=1.25
offset_after.y=2.5
offset_after.z FAIL AttributeError("'Vector2' object has no attribute 'z'")
offset_after.r FAIL AttributeError("'Vector2' object has no attribute 'r'")
offset_after.g FAIL AttributeError("'Vector2' object has no attribute 'g'")
offset_after.b FAIL AttributeError("'Vector2' object has no attribute 'b'")
offset_after.a FAIL AttributeError("'Vector2' object has no attribute 'a'")
offset_after.X FAIL AttributeError("'Vector2' object has no attribute 'X'")
offset_after.Y FAIL AttributeError("'Vector2' object has no attribute 'Y'")
offset_after.Z FAIL AttributeError("'Vector2' object has no attribute 'Z'")
offset_after[0]=1.25
MOD MType names=['Color3', 'Color4', 'IVec2', 'IVec3', 'IVec4', 'UHVec2', 'UVec2', 'UVec3', 'UVec4', 'Vector2', 'Vector3', 'Vector4']
  MType.Color3=<class 'Color3'> type=<class 'type'>
  MType.Color4=<class 'Color4'> type=<class 'type'>
  MType.IVec2=<class 'IVec2'> type=<class 'type'>
  MType.IVec3=<class 'IVec3'> type=<class 'type'>
  MType.IVec4=<class 'IVec4'> type=<class 'type'>
  MType.UHVec2=<class 'UHVec2'> type=<class 'type'>
  MType.UVec2=<class 'UVec2'> type=<class 'type'>
  MType.UVec3=<class 'UVec3'> type=<class 'type'>
  MType.UVec4=<class 'UVec4'> type=<class 'type'>
  MType.Vector2=<class 'Vector2'> type=<class 'type'>
  MType.Vector3=<class 'Vector3'> type=<class 'type'>
  MType.Vector4=<class 'Vector4'> type=<class 'type'>
MOD MMath FAIL ModuleNotFoundError("No module named 'MMath'")
MOD MVec FAIL ModuleNotFoundError("No module named 'MVec'")
MOD MCore FAIL ModuleNotFoundError("No module named 'MCore'")
MOD MUI names=['RemoveCocosWindowElement', 'RemoveCustomMessageCode', 'UpdateColorMappingTable']
  MUI.RemoveCocosWindowElement=<built-in function RemoveCocosWindowElement> type=<class 'builtin_function_or_method'>
  MUI.RemoveCustomMessageCode=<built-in function RemoveCustomMessageCode> type=<class 'builtin_function_or_method'>
  MUI.UpdateColorMappingTable=<built-in function UpdateColorMappingTable> type=<class 'builtin_function_or_method'>
END
ROBOT key=anFFTEsxNr+4vTgF pos=(16.224382400512695, 0.08436138182878494, -1.4008004665374756) ready_before=True EnsureShootingRangeToplogo=True ShowEnemyToplogo=None SetToplogoVisible=None AddToplogoVisibleTick=None EnemyTopLogoTimer=None RefreshToplogo=None ready_after=True
MARK key=anFFTEsxNr+4vTgF mark_id=ctf_esp_anFFTEsxNr_4vTgF pos=(16.224382400512695, 0.08436138182878494, -1.4008004665374756) CreateCommonMarkToplogoSceneOnly=ok CreateMarkWorldEffect=ok res=(<gclient.gameplay.util.common_toplogo.ToplogoGunRefit object at 0x0000025A17444050>,None)
ROBOT key=anFFTEsxNr+4vTgO pos=(-28.0, 0.05000007152557373, -13.0) ready_before=True EnsureShootingRangeToplogo=True ShowEnemyToplogo=None SetToplogoVisible=None AddToplogoVisibleTick=None EnemyTopLogoTimer=None RefreshToplogo=None ready_after=True
MARK key=anFFTEsxNr+4vTgO mark_id=ctf_esp_anFFTEsxNr_4vTgO pos=(-28.0, 0.05000007152557373, -13.0) CreateCommonMarkToplogoSceneOnly=ok CreateMarkWorldEffect=ok res=(<gclient.gameplay.util.common_toplogo.ToplogoGunRefit object at 0x0000025A17444690>,None)
ROBOT key=anFFTEsxNr+4vTgJ pos=(26.3205623626709, 0.06777054071426392, 2.599637508392334) ready_before=True EnsureShootingRangeToplogo=True ShowEnemyToplogo=None SetToplogoVisible=None AddToplogoVisibleTick=None EnemyTopLogoTimer=None RefreshToplogo=None ready_after=True
MARK key=anFFTEsxNr+4vTgJ mark_id=ctf_esp_anFFTEsxNr_4vTgJ pos=(26.3205623626709, 0.06777054071426392, 2.599637508392334) CreateCommonMarkToplogoSceneOnly=ok CreateMarkWorldEffect=ok res=(<gclient.gameplay.util.common_toplogo.ToplogoGunRefit object at 0x0000025A17445950>,None)
ROBOT key=anFFTEsxNr+4vTf9 pos=(-3.6765191555023193, 0.05925852805376053, -9.500686645507812) ready_before=True EnsureShootingRangeToplogo=True ShowEnemyToplogo=None SetToplogoVisible=None AddToplogoVisibleTick=None EnemyTopLogoTimer=None RefreshToplogo=None ready_after=True
MARK key=anFFTEsxNr+4vTf9 mark_id=ctf_esp_anFFTEsxNr_4vTf9 pos=(-3.6765191555023193, 0.05925852805376053, -9.500686645507812) CreateCommonMarkToplogoSceneOnly=ok CreateMarkWorldEffect=ok res=(<gclient.gameplay.util.common_toplogo.ToplogoGunRefit object at 0x0000025A17445F90>,None)
ROBOT key=anFFTEsxNr+4vTf4 pos=(-8.783376693725586, 0.09060776978731155, -13.467101097106934) ready_before=True EnsureShootingRangeToplogo=True ShowEnemyToplogo=None SetToplogoVisible=None AddToplogoVisibleTick=None EnemyTopLogoTimer=None RefreshToplogo=None ready_after=True
MARK key=anFFTEsxNr+4vTf4 mark_id=ctf_esp_anFFTEsxNr_4vTf4 pos=(-8.783376693725586, 0.09060776978731155, -13.467101097106934) CreateCommonMarkToplogoSceneOnly=ok CreateMarkWorldEffect=ok res=(<gclient.gameplay.util.common_toplogo.ToplogoGunRefit object at 0x0000025A174465D0>,None)
ROBOT key=anFFTEsxNr+4vTgB pos=(6.3227458000183105, 0.06980297714471817, -5.500764846801758) ready_before=True EnsureShootingRangeToplogo=True ShowEnemyToplogo=None SetToplogoVisible=None AddToplogoVisibleTick=None EnemyTopLogoTimer=None RefreshToplogo=None ready_after=True
MARK key=anFFTEsxNr+4vTgB mark_id=ctf_esp_anFFTEsxNr_4vTgB pos=(6.3227458000183105, 0.06980297714471817, -5.500764846801758) CreateCommonMarkToplogoSceneOnly=ok CreateMarkWorldEffect=ok res=(<gclient.gameplay.util.common_toplogo.ToplogoGunRefit object at 0x0000025A17446C10>,None)
MARK key=anFFTEsxNr+4vTgF mark_id=ctf_esp_anFFTEsxNr_4vTgF pos=(16.224382400512695, 0.08436138182878494, -1.4008004665374756) CreateCommonMarkToplogoSceneOnly=ok CreateMarkWorldEffect=ok res=(<gclient.gameplay.util.common_toplogo.ToplogoGunRefit object at 0x0000025A17444050>,None)
MARK key=anFFTEsxNr+4vTgO mark_id=ctf_esp_anFFTEsxNr_4vTgO pos=(-28.0, 0.05000007152557373, -13.0) CreateCommonMarkToplogoSceneOnly=ok CreateMarkWorldEffect=ok res=(<gclient.gameplay.util.common_toplogo.ToplogoGunRefit object at 0x0000025A17444690>,None)
MARK key=anFFTEsxNr+4vTgJ mark_id=ctf_esp_anFFTEsxNr_4vTgJ pos=(26.3205623626709, 0.06777054071426392, 2.599637508392334) CreateCommonMarkToplogoSceneOnly=ok CreateMarkWorldEffect=ok res=(<gclient.gameplay.util.common_toplogo.ToplogoGunRefit object at 0x0000025A17445950>,None)
MARK key=anFFTEsxNr+4vTf9 mark_id=ctf_esp_anFFTEsxNr_4vTf9 pos=(-3.6765191555023193, 0.05925852805376053, -9.500686645507812) CreateCommonMarkToplogoSceneOnly=ok CreateMarkWorldEffect=ok res=(<gclient.gameplay.util.common_toplogo.ToplogoGunRefit object at 0x0000025A17445F90>,None)
MARK key=anFFTEsxNr+4vTf4 mark_id=ctf_esp_anFFTEsxNr_4vTf4 pos=(-8.783376693725586, 0.09060776978731155, -13.467101097106934) CreateCommonMarkToplogoSceneOnly=ok CreateMarkWorldEffect=ok res=(<gclient.gameplay.util.common_toplogo.ToplogoGunRefit object at 0x0000025A174465D0>,None)
MARK key=anFFTEsxNr+4vTgB mark_id=ctf_esp_anFFTEsxNr_4vTgB pos=(6.3227458000183105, 0.06980297714471817, -5.500764846801758) CreateCommonMarkToplogoSceneOnly=ok CreateMarkWorldEffect=ok res=(<gclient.gameplay.util.common_toplogo.ToplogoGunRefit object at 0x0000025A17446C10>,None)
TICK n=760 total=23 players=[('anFFZUsxNr+4vT0l', (-18.63779640197754, 0.05000004172325134, -3.8983371257781982))] robots=[('anFFTEsxNr+4vTgF', (16.224382400512695, 0.08436138182878494, -1.4008004665374756)), ('anFFTEsxNr+4vTgO', (-28.0, 0.05000007152557373, -13.0)), ('anFFTEsxNr+4vTgJ', (26.3205623626709, 0.06777054071426392, 2.599637508392334)), ('anFFTEsxNr+4vTf9', (-3.6765191555023193, 0.05925852805376053, -9.500686645507812)), ('anFFTEsxNr+4vTf4', (-8.783376693725586, 0.09060776978731155, -13.467101097106934)), ('anFFTEsxNr+4vTgB', (6.3227458000183105, 0.06980297714471817, -5.500764846801758))]
ROBOT key=anFFTEsxNr+4vTgF pos=(16.224382400512695, 0.08436138182878494, -1.4008004665374756) ready_before=True EnsureShootingRangeToplogo=True ShowEnemyToplogo=None SetToplogoVisible=None AddToplogoVisibleTick=None EnemyTopLogoTimer=None RefreshToplogo=None ready_after=True
MARK key=anFFTEsxNr+4vTgF mark_id=ctf_esp_anFFTEsxNr_4vTgF pos=(16.224382400512695, 0.08436138182878494, -1.4008004665374756) CreateCommonMarkToplogoSceneOnly=ok CreateMarkWorldEffect=ok res=(<gclient.gameplay.util.common_toplogo.ToplogoGunRefit object at 0x0000025A17444050>,None)
ROBOT key=anFFTEsxNr+4vTgO pos=(-28.0, 0.05000007152557373, -13.0) ready_before=True EnsureShootingRangeToplogo=True ShowEnemyToplogo=None SetToplogoVisible=None AddToplogoVisibleTick=None EnemyTopLogoTimer=None RefreshToplogo=None ready_after=True
MARK key=anFFTEsxNr+4vTgO mark_id=ctf_esp_anFFTEsxNr_4vTgO pos=(-28.0, 0.05000007152557373, -13.0) CreateCommonMarkToplogoSceneOnly=ok CreateMarkWorldEffect=ok res=(<gclient.gameplay.util.common_toplogo.ToplogoGunRefit object at 0x0000025A17444690>,None)
ROBOT key=anFFTEsxNr+4vTgJ pos=(26.3205623626709, 0.06777054071426392, 2.599637508392334) ready_before=True EnsureShootingRangeToplogo=True ShowEnemyToplogo=None SetToplogoVisible=None AddToplogoVisibleTick=None EnemyTopLogoTimer=None RefreshToplogo=None ready_after=True
MARK key=anFFTEsxNr+4vTgJ mark_id=ctf_esp_anFFTEsxNr_4vTgJ pos=(26.3205623626709, 0.06777054071426392, 2.599637508392334) CreateCommonMarkToplogoSceneOnly=ok CreateMarkWorldEffect=ok res=(<gclient.gameplay.util.common_toplogo.ToplogoGunRefit object at 0x0000025A17445950>,None)
ROBOT key=anFFTEsxNr+4vTf9 pos=(-3.6765191555023193, 0.05925852805376053, -9.500686645507812) ready_before=True EnsureShootingRangeToplogo=True ShowEnemyToplogo=None SetToplogoVisible=None AddToplogoVisibleTick=None EnemyTopLogoTimer=None RefreshToplogo=None ready_after=True
MARK key=anFFTEsxNr+4vTf9 mark_id=ctf_esp_anFFTEsxNr_4vTf9 pos=(-3.6765191555023193, 0.05925852805376053, -9.500686645507812) CreateCommonMarkToplogoSceneOnly=ok CreateMarkWorldEffect=ok res=(<gclient.gameplay.util.common_toplogo.ToplogoGunRefit object at 0x0000025A17445F90>,None)
ROBOT key=anFFTEsxNr+4vTf4 pos=(-8.783376693725586, 0.09060776978731155, -13.467101097106934) ready_before=True EnsureShootingRangeToplogo=True ShowEnemyToplogo=None SetToplogoVisible=None AddToplogoVisibleTick=None EnemyTopLogoTimer=None RefreshToplogo=None ready_after=True
MARK key=anFFTEsxNr+4vTf4 mark_id=ctf_esp_anFFTEsxNr_4vTf4 pos=(-8.783376693725586, 0.09060776978731155, -13.467101097106934) CreateCommonMarkToplogoSceneOnly=ok CreateMarkWorldEffect=ok res=(<gclient.gameplay.util.common_toplogo.ToplogoGunRefit object at 0x0000025A174465D0>,None)
ROBOT key=anFFTEsxNr+4vTgB pos=(6.3227458000183105, 0.06980297714471817, -5.500764846801758) ready_before=True EnsureShootingRangeToplogo=True ShowEnemyToplogo=None SetToplogoVisible=None AddToplogoVisibleTick=None EnemyTopLogoTimer=None RefreshToplogo=None ready_after=True
MARK key=anFFTEsxNr+4vTgB mark_id=ctf_esp_anFFTEsxNr_4vTgB pos=(6.3227458000183105, 0.06980297714471817, -5.500764846801758) CreateCommonMarkToplogoSceneOnly=ok CreateMarkWorldEffect=ok res=(<gclient.gameplay.util.common_toplogo.ToplogoGunRefit object at 0x0000025A17446C10>,None)
MARK key=anFFTEsxNr+4vTgF mark_id=ctf_esp_anFFTEsxNr_4vTgF pos=(16.224382400512695, 0.08436138182878494, -1.4008004665374756) CreateCommonMarkToplogoSceneOnly=ok CreateMarkWorldEffect=ok res=(<gclient.gameplay.util.common_toplogo.ToplogoGunRefit object at 0x0000025A17444050>,None)
MARK key=anFFTEsxNr+4vTgO mark_id=ctf_esp_anFFTEsxNr_4vTgO pos=(-28.0, 0.05000007152557373, -13.0) CreateCommonMarkToplogoSceneOnly=ok CreateMarkWorldEffect=ok res=(<gclient.gameplay.util.common_toplogo.ToplogoGunRefit object at 0x0000025A17444690>,None)
MARK key=anFFTEsxNr+4vTgJ mark_id=ctf_esp_anFFTEsxNr_4vTgJ pos=(26.3205623626709, 0.06777054071426392, 2.599637508392334) CreateCommonMarkToplogoSceneOnly=ok CreateMarkWorldEffect=ok res=(<gclient.gameplay.util.common_toplogo.ToplogoGunRefit object at 0x0000025A17445950>,None)
MARK key=anFFTEsxNr+4vTf9 mark_id=ctf_esp_anFFTEsxNr_4vTf9 pos=(-3.6765191555023193, 0.05925852805376053, -9.500686645507812) CreateCommonMarkToplogoSceneOnly=ok CreateMarkWorldEffect=ok res=(<gclient.gameplay.util.common_toplogo.ToplogoGunRefit object at 0x0000025A17445F90>,None)
MARK key=anFFTEsxNr+4vTf4 mark_id=ctf_esp_anFFTEsxNr_4vTf4 pos=(-8.783376693725586, 0.09060776978731155, -13.467101097106934) CreateCommonMarkToplogoSceneOnly=ok CreateMarkWorldEffect=ok res=(<gclient.gameplay.util.common_toplogo.ToplogoGunRefit object at 0x0000025A174465D0>,None)
MARK key=anFFTEsxNr+4vTgB mark_id=ctf_esp_anFFTEsxNr_4vTgB pos=(6.3227458000183105, 0.06980297714471817, -5.500764846801758) CreateCommonMarkToplogoSceneOnly=ok CreateMarkWorldEffect=ok res=(<gclient.gameplay.util.common_toplogo.ToplogoGunRefit object at 0x0000025A17446C10>,None)
ROBOT key=anFFTEsxNr+4vTgF pos=(16.224382400512695, 0.08436138182878494, -1.4008004665374756) ready_before=True EnsureShootingRangeToplogo=True ShowEnemyToplogo=None SetToplogoVisible=None AddToplogoVisibleTick=None EnemyTopLogoTimer=None RefreshToplogo=None ready_after=True
MARK key=anFFTEsxNr+4vTgF mark_id=ctf_esp_anFFTEsxNr_4vTgF pos=(16.224382400512695, 0.08436138182878494, -1.4008004665374756) CreateCommonMarkToplogoSceneOnly=ok CreateMarkWorldEffect=ok res=(<gclient.gameplay.util.common_toplogo.ToplogoGunRefit object at 0x0000025A17444050>,None)
ROBOT key=anFFTEsxNr+4vTgO pos=(-28.0, 0.05000007152557373, -13.0) ready_before=True EnsureShootingRangeToplogo=True ShowEnemyToplogo=None SetToplogoVisible=None AddToplogoVisibleTick=None EnemyTopLogoTimer=None RefreshToplogo=None ready_after=True
MARK key=anFFTEsxNr+4vTgO mark_id=ctf_esp_anFFTEsxNr_4vTgO pos=(-28.0, 0.05000007152557373, -13.0) CreateCommonMarkToplogoSceneOnly=ok CreateMarkWorldEffect=ok res=(<gclient.gameplay.util.common_toplogo.ToplogoGunRefit object at 0x0000025A17444690>,None)
ROBOT key=anFFTEsxNr+4vTgJ pos=(26.3205623626709, 0.06777054071426392, 2.599637508392334) ready_before=True EnsureShootingRangeToplogo=True ShowEnemyToplogo=None SetToplogoVisible=None AddToplogoVisibleTick=None EnemyTopLogoTimer=None RefreshToplogo=None ready_after=True
MARK key=anFFTEsxNr+4vTgJ mark_id=ctf_esp_anFFTEsxNr_4vTgJ pos=(26.3205623626709, 0.06777054071426392, 2.599637508392334) CreateCommonMarkToplogoSceneOnly=ok CreateMarkWorldEffect=ok res=(<gclient.gameplay.util.common_toplogo.ToplogoGunRefit object at 0x0000025A17445950>,None)
ROBOT key=anFFTEsxNr+4vTf9 pos=(-3.6765191555023193, 0.05925852805376053, -9.500686645507812) ready_before=True EnsureShootingRangeToplogo=True ShowEnemyToplogo=None SetToplogoVisible=None AddToplogoVisibleTick=None EnemyTopLogoTimer=None RefreshToplogo=None ready_after=True
MARK key=anFFTEsxNr+4vTf9 mark_id=ctf_esp_anFFTEsxNr_4vTf9 pos=(-3.6765191555023193, 0.05925852805376053, -9.500686645507812) CreateCommonMarkToplogoSceneOnly=ok CreateMarkWorldEffect=ok res=(<gclient.gameplay.util.common_toplogo.ToplogoGunRefit object at 0x0000025A17445F90>,None)
ROBOT key=anFFTEsxNr+4vTf4 pos=(-8.783376693725586, 0.09060776978731155, -13.467101097106934) ready_before=True EnsureShootingRangeToplogo=True ShowEnemyToplogo=None SetToplogoVisible=None AddToplogoVisibleTick=None EnemyTopLogoTimer=None RefreshToplogo=None ready_after=True
MARK key=anFFTEsxNr+4vTf4 mark_id=ctf_esp_anFFTEsxNr_4vTf4 pos=(-8.783376693725586, 0.09060776978731155, -13.467101097106934) CreateCommonMarkToplogoSceneOnly=ok CreateMarkWorldEffect=ok res=(<gclient.gameplay.util.common_toplogo.ToplogoGunRefit object at 0x0000025A174465D0>,None)
ROBOT key=anFFTEsxNr+4vTgB pos=(6.3227458000183105, 0.06980297714471817, -5.500764846801758) ready_before=True EnsureShootingRangeToplogo=True ShowEnemyToplogo=None SetToplogoVisible=None AddToplogoVisibleTick=None EnemyTopLogoTimer=None RefreshToplogo=None ready_after=True
MARK key=anFFTEsxNr+4vTgB mark_id=ctf_esp_anFFTEsxNr_4vTgB pos=(6.3227458000183105, 0.06980297714471817, -5.500764846801758) CreateCommonMarkToplogoSceneOnly=ok CreateMarkWorldEffect=ok res=(<gclient.gameplay.util.common_toplogo.ToplogoGunRefit object at 0x0000025A17446C10>,None)
MARK key=anFFTEsxNr+4vTgF mark_id=ctf_esp_anFFTEsxNr_4vTgF pos=(16.224382400512695, 0.08436138182878494, -1.4008004665374756) CreateCommonMarkToplogoSceneOnly=ok CreateMarkWorldEffect=ok res=(<gclient.gameplay.util.common_toplogo.ToplogoGunRefit object at 0x0000025A17444050>,None)
MARK key=anFFTEsxNr+4vTgO mark_id=ctf_esp_anFFTEsxNr_4vTgO pos=(-28.0, 0.05000007152557373, -13.0) CreateCommonMarkToplogoSceneOnly=ok CreateMarkWorldEffect=ok res=(<gclient.gameplay.util.common_toplogo.ToplogoGunRefit object at 0x0000025A17444690>,None)
MARK key=anFFTEsxNr+4vTgJ mark_id=ctf_esp_anFFTEsxNr_4vTgJ pos=(26.3205623626709, 0.06777054071426392, 2.599637508392334) CreateCommonMarkToplogoSceneOnly=ok CreateMarkWorldEffect=ok res=(<gclient.gameplay.util.common_toplogo.ToplogoGunRefit object at 0x0000025A17445950>,None)
MARK key=anFFTEsxNr+4vTf9 mark_id=ctf_esp_anFFTEsxNr_4vTf9 pos=(-3.6765191555023193, 0.05925852805376053, -9.500686645507812) CreateCommonMarkToplogoSceneOnly=ok CreateMarkWorldEffect=ok res=(<gclient.gameplay.util.common_toplogo.ToplogoGunRefit object at 0x0000025A17445F90>,None)
MARK key=anFFTEsxNr+4vTf4 mark_id=ctf_esp_anFFTEsxNr_4vTf4 pos=(-8.783376693725586, 0.09060776978731155, -13.467101097106934) CreateCommonMarkToplogoSceneOnly=ok CreateMarkWorldEffect=ok res=(<gclient.gameplay.util.common_toplogo.ToplogoGunRefit object at 0x0000025A174465D0>,None)
MARK key=anFFTEsxNr+4vTgB mark_id=ctf_esp_anFFTEsxNr_4vTgB pos=(6.3227458000183105, 0.06980297714471817, -5.500764846801758) CreateCommonMarkToplogoSceneOnly=ok CreateMarkWorldEffect=ok res=(<gclient.gameplay.util.common_toplogo.ToplogoGunRefit object at 0x0000025A17446C10>,None)
TICK n=800 total=23 players=[('anFFZUsxNr+4vT0l', (-18.63779640197754, 0.05000004172325134, -3.8983371257781982))] robots=[('anFFTEsxNr+4vTgF', (16.224382400512695, 0.08436138182878494, -1.4008004665374756)), ('anFFTEsxNr+4vTgO', (-28.0, 0.05000007152557373, -13.0)), ('anFFTEsxNr+4vTgJ', (26.3205623626709, 0.06777054071426392, 2.599637508392334)), ('anFFTEsxNr+4vTf9', (-3.6765191555023193, 0.05925852805376053, -9.500686645507812)), ('anFFTEsxNr+4vTf4', (-8.783376693725586, 0.09060776978731155, -13.467101097106934)), ('anFFTEsxNr+4vTgB', (6.3227458000183105, 0.06980297714471817, -5.500764846801758))]
ROBOT key=anFFTEsxNr+4vTgF pos=(16.224382400512695, 0.08436138182878494, -1.4008004665374756) ready_before=True EnsureShootingRangeToplogo=True ShowEnemyToplogo=None SetToplogoVisible=None AddToplogoVisibleTick=None EnemyTopLogoTimer=None RefreshToplogo=None ready_after=True
MARK key=anFFTEsxNr+4vTgF mark_id=ctf_esp_anFFTEsxNr_4vTgF pos=(16.224382400512695, 0.08436138182878494, -1.4008004665374756) CreateCommonMarkToplogoSceneOnly=ok CreateMarkWorldEffect=ok res=(<gclient.gameplay.util.common_toplogo.ToplogoGunRefit object at 0x0000025A17444050>,None)
ROBOT key=anFFTEsxNr+4vTgO pos=(-28.0, 0.05000007152557373, -13.0) ready_before=True EnsureShootingRangeToplogo=True ShowEnemyToplogo=None SetToplogoVisible=None AddToplogoVisibleTick=None EnemyTopLogoTimer=None RefreshToplogo=None ready_after=True
MARK key=anFFTEsxNr+4vTgO mark_id=ctf_esp_anFFTEsxNr_4vTgO pos=(-28.0, 0.05000007152557373, -13.0) CreateCommonMarkToplogoSceneOnly=ok CreateMarkWorldEffect=ok res=(<gclient.gameplay.util.common_toplogo.ToplogoGunRefit object at 0x0000025A17444690>,None)
ROBOT key=anFFTEsxNr+4vTgJ pos=(26.3205623626709, 0.06777054071426392, 2.599637508392334) ready_before=True EnsureShootingRangeToplogo=True ShowEnemyToplogo=None SetToplogoVisible=None AddToplogoVisibleTick=None EnemyTopLogoTimer=None RefreshToplogo=None ready_after=True
MARK key=anFFTEsxNr+4vTgJ mark_id=ctf_esp_anFFTEsxNr_4vTgJ pos=(26.3205623626709, 0.06777054071426392, 2.599637508392334) CreateCommonMarkToplogoSceneOnly=ok CreateMarkWorldEffect=ok res=(<gclient.gameplay.util.common_toplogo.ToplogoGunRefit object at 0x0000025A17445950>,None)
ROBOT key=anFFTEsxNr+4vTf9 pos=(-3.6765191555023193, 0.05925852805376053, -9.500686645507812) ready_before=True EnsureShootingRangeToplogo=True ShowEnemyToplogo=None SetToplogoVisible=None AddToplogoVisibleTick=None EnemyTopLogoTimer=None RefreshToplogo=None ready_after=True
MARK key=anFFTEsxNr+4vTf9 mark_id=ctf_esp_anFFTEsxNr_4vTf9 pos=(-3.6765191555023193, 0.05925852805376053, -9.500686645507812) CreateCommonMarkToplogoSceneOnly=ok CreateMarkWorldEffect=ok res=(<gclient.gameplay.util.common_toplogo.ToplogoGunRefit object at 0x0000025A17445F90>,None)
ROBOT key=anFFTEsxNr+4vTf4 pos=(-8.783376693725586, 0.09060776978731155, -13.467101097106934) ready_before=True EnsureShootingRangeToplogo=True ShowEnemyToplogo=None SetToplogoVisible=None AddToplogoVisibleTick=None EnemyTopLogoTimer=None RefreshToplogo=None ready_after=True
MARK key=anFFTEsxNr+4vTf4 mark_id=ctf_esp_anFFTEsxNr_4vTf4 pos=(-8.783376693725586, 0.09060776978731155, -13.467101097106934) CreateCommonMarkToplogoSceneOnly=ok CreateMarkWorldEffect=ok res=(<gclient.gameplay.util.common_toplogo.ToplogoGunRefit object at 0x0000025A174465D0>,None)
ROBOT key=anFFTEsxNr+4vTgB pos=(6.3227458000183105, 0.06980297714471817, -5.500764846801758) ready_before=True EnsureShootingRangeToplogo=True ShowEnemyToplogo=None SetToplogoVisible=None AddToplogoVisibleTick=None EnemyTopLogoTimer=None RefreshToplogo=None ready_after=True
MARK key=anFFTEsxNr+4vTgB mark_id=ctf_esp_anFFTEsxNr_4vTgB pos=(6.3227458000183105, 0.06980297714471817, -5.500764846801758) CreateCommonMarkToplogoSceneOnly=ok CreateMarkWorldEffect=ok res=(<gclient.gameplay.util.common_toplogo.ToplogoGunRefit object at 0x0000025A17446C10>,None)
MARK key=anFFTEsxNr+4vTgF mark_id=ctf_esp_anFFTEsxNr_4vTgF pos=(16.224382400512695, 0.08436138182878494, -1.4008004665374756) CreateCommonMarkToplogoSceneOnly=ok CreateMarkWorldEffect=ok res=(<gclient.gameplay.util.common_toplogo.ToplogoGunRefit object at 0x0000025A17444050>,None)
MARK key=anFFTEsxNr+4vTgO mark_id=ctf_esp_anFFTEsxNr_4vTgO pos=(-28.0, 0.05000007152557373, -13.0) CreateCommonMarkToplogoSceneOnly=ok CreateMarkWorldEffect=ok res=(<gclient.gameplay.util.common_toplogo.ToplogoGunRefit object at 0x0000025A17444690>,None)
MARK key=anFFTEsxNr+4vTgJ mark_id=ctf_esp_anFFTEsxNr_4vTgJ pos=(26.3205623626709, 0.06777054071426392, 2.599637508392334) CreateCommonMarkToplogoSceneOnly=ok CreateMarkWorldEffect=ok res=(<gclient.gameplay.util.common_toplogo.ToplogoGunRefit object at 0x0000025A17445950>,None)
MARK key=anFFTEsxNr+4vTf9 mark_id=ctf_esp_anFFTEsxNr_4vTf9 pos=(-3.6765191555023193, 0.05925852805376053, -9.500686645507812) CreateCommonMarkToplogoSceneOnly=ok CreateMarkWorldEffect=ok res=(<gclient.gameplay.util.common_toplogo.ToplogoGunRefit object at 0x0000025A17445F90>,None)
MARK key=anFFTEsxNr+4vTf4 mark_id=ctf_esp_anFFTEsxNr_4vTf4 pos=(-8.783376693725586, 0.09060776978731155, -13.467101097106934) CreateCommonMarkToplogoSceneOnly=ok CreateMarkWorldEffect=ok res=(<gclient.gameplay.util.common_toplogo.ToplogoGunRefit object at 0x0000025A174465D0>,None)
MARK key=anFFTEsxNr+4vTgB mark_id=ctf_esp_anFFTEsxNr_4vTgB pos=(6.3227458000183105, 0.06980297714471817, -5.500764846801758) CreateCommonMarkToplogoSceneOnly=ok CreateMarkWorldEffect=ok res=(<gclient.gameplay.util.common_toplogo.ToplogoGunRefit object at 0x0000025A17446C10>,None)
ROBOT key=anFFTEsxNr+4vTgF pos=(16.224382400512695, 0.08436138182878494, -1.4008004665374756) ready_before=True EnsureShootingRangeToplogo=True ShowEnemyToplogo=None SetToplogoVisible=None AddToplogoVisibleTick=None EnemyTopLogoTimer=None RefreshToplogo=None ready_after=True
MARK key=anFFTEsxNr+4vTgF mark_id=ctf_esp_anFFTEsxNr_4vTgF pos=(16.224382400512695, 0.08436138182878494, -1.4008004665374756) CreateCommonMarkToplogoSceneOnly=ok CreateMarkWorldEffect=ok res=(<gclient.gameplay.util.common_toplogo.ToplogoGunRefit object at 0x0000025A17444050>,None)
ROBOT key=anFFTEsxNr+4vTgO pos=(-28.0, 0.05000007152557373, -13.0) ready_before=True EnsureShootingRangeToplogo=True ShowEnemyToplogo=None SetToplogoVisible=None AddToplogoVisibleTick=None EnemyTopLogoTimer=None RefreshToplogo=None ready_after=True
MARK key=anFFTEsxNr+4vTgO mark_id=ctf_esp_anFFTEsxNr_4vTgO pos=(-28.0, 0.05000007152557373, -13.0) CreateCommonMarkToplogoSceneOnly=ok CreateMarkWorldEffect=ok res=(<gclient.gameplay.util.common_toplogo.ToplogoGunRefit object at 0x0000025A17444690>,None)
ROBOT key=anFFTEsxNr+4vTgJ pos=(26.3205623626709, 0.06777054071426392, 2.599637508392334) ready_before=True EnsureShootingRangeToplogo=True ShowEnemyToplogo=None SetToplogoVisible=None AddToplogoVisibleTick=None EnemyTopLogoTimer=None RefreshToplogo=None ready_after=True
MARK key=anFFTEsxNr+4vTgJ mark_id=ctf_esp_anFFTEsxNr_4vTgJ pos=(26.3205623626709, 0.06777054071426392, 2.599637508392334) CreateCommonMarkToplogoSceneOnly=ok CreateMarkWorldEffect=ok res=(<gclient.gameplay.util.common_toplogo.ToplogoGunRefit object at 0x0000025A17445950>,None)
ROBOT key=anFFTEsxNr+4vTf9 pos=(-3.6765191555023193, 0.05925852805376053, -9.500686645507812) ready_before=True EnsureShootingRangeToplogo=True ShowEnemyToplogo=None SetToplogoVisible=None AddToplogoVisibleTick=None EnemyTopLogoTimer=None RefreshToplogo=None ready_after=True
MARK key=anFFTEsxNr+4vTf9 mark_id=ctf_esp_anFFTEsxNr_4vTf9 pos=(-3.6765191555023193, 0.05925852805376053, -9.500686645507812) CreateCommonMarkToplogoSceneOnly=ok CreateMarkWorldEffect=ok res=(<gclient.gameplay.util.common_toplogo.ToplogoGunRefit object at 0x0000025A17445F90>,None)
ROBOT key=anFFTEsxNr+4vTf4 pos=(-8.783376693725586, 0.09060776978731155, -13.467101097106934) ready_before=True EnsureShootingRangeToplogo=True ShowEnemyToplogo=None SetToplogoVisible=None AddToplogoVisibleTick=None EnemyTopLogoTimer=None RefreshToplogo=None ready_after=True
MARK key=anFFTEsxNr+4vTf4 mark_id=ctf_esp_anFFTEsxNr_4vTf4 pos=(-8.783376693725586, 0.09060776978731155, -13.467101097106934) CreateCommonMarkToplogoSceneOnly=ok CreateMarkWorldEffect=ok res=(<gclient.gameplay.util.common_toplogo.ToplogoGunRefit object at 0x0000025A174465D0>,None)
ROBOT key=anFFTEsxNr+4vTgB pos=(6.3227458000183105, 0.06980297714471817, -5.500764846801758) ready_before=True EnsureShootingRangeToplogo=True ShowEnemyToplogo=None SetToplogoVisible=None AddToplogoVisibleTick=None EnemyTopLogoTimer=None RefreshToplogo=None ready_after=True
MARK key=anFFTEsxNr+4vTgB mark_id=ctf_esp_anFFTEsxNr_4vTgB pos=(6.3227458000183105, 0.06980297714471817, -5.500764846801758) CreateCommonMarkToplogoSceneOnly=ok CreateMarkWorldEffect=ok res=(<gclient.gameplay.util.common_toplogo.ToplogoGunRefit object at 0x0000025A17446C10>,None)
MARK key=anFFTEsxNr+4vTgF mark_id=ctf_esp_anFFTEsxNr_4vTgF pos=(16.224382400512695, 0.08436138182878494, -1.4008004665374756) CreateCommonMarkToplogoSceneOnly=ok CreateMarkWorldEffect=ok res=(<gclient.gameplay.util.common_toplogo.ToplogoGunRefit object at 0x0000025A17444050>,None)
MARK key=anFFTEsxNr+4vTgO mark_id=ctf_esp_anFFTEsxNr_4vTgO pos=(-28.0, 0.05000007152557373, -13.0) CreateCommonMarkToplogoSceneOnly=ok CreateMarkWorldEffect=ok res=(<gclient.gameplay.util.common_toplogo.ToplogoGunRefit object at 0x0000025A17444690>,None)
MARK key=anFFTEsxNr+4vTgJ mark_id=ctf_esp_anFFTEsxNr_4vTgJ pos=(26.3205623626709, 0.06777054071426392, 2.599637508392334) CreateCommonMarkToplogoSceneOnly=ok CreateMarkWorldEffect=ok res=(<gclient.gameplay.util.common_toplogo.ToplogoGunRefit object at 0x0000025A17445950>,None)
MARK key=anFFTEsxNr+4vTf9 mark_id=ctf_esp_anFFTEsxNr_4vTf9 pos=(-3.6765191555023193, 0.05925852805376053, -9.500686645507812) CreateCommonMarkToplogoSceneOnly=ok CreateMarkWorldEffect=ok res=(<gclient.gameplay.util.common_toplogo.ToplogoGunRefit object at 0x0000025A17445F90>,None)
MARK key=anFFTEsxNr+4vTf4 mark_id=ctf_esp_anFFTEsxNr_4vTf4 pos=(-8.783376693725586, 0.09060776978731155, -13.467101097106934) CreateCommonMarkToplogoSceneOnly=ok CreateMarkWorldEffect=ok res=(<gclient.gameplay.util.common_toplogo.ToplogoGunRefit object at 0x0000025A174465D0>,None)
MARK key=anFFTEsxNr+4vTgB mark_id=ctf_esp_anFFTEsxNr_4vTgB pos=(6.3227458000183105, 0.06980297714471817, -5.500764846801758) CreateCommonMarkToplogoSceneOnly=ok CreateMarkWorldEffect=ok res=(<gclient.gameplay.util.common_toplogo.ToplogoGunRefit object at 0x0000025A17446C10>,None)
TICK n=840 total=23 players=[('anFFZUsxNr+4vT0l', (-18.63779640197754, 0.05000004172325134, -3.8983371257781982))] robots=[('anFFTEsxNr+4vTgF', (16.224382400512695, 0.08436138182878494, -1.4008004665374756)), ('anFFTEsxNr+4vTgO', (-28.0, 0.05000007152557373, -13.0)), ('anFFTEsxNr+4vTgJ', (26.3205623626709, 0.06777054071426392, 2.599637508392334)), ('anFFTEsxNr+4vTf9', (-3.6765191555023193, 0.05925852805376053, -9.500686645507812)), ('anFFTEsxNr+4vTf4', (-8.783376693725586, 0.09060776978731155, -13.467101097106934)), ('anFFTEsxNr+4vTgB', (6.3227458000183105, 0.06980297714471817, -5.500764846801758))]
ROBOT key=anFFTEsxNr+4vTgF pos=(16.224382400512695, 0.08436138182878494, -1.4008004665374756) ready_before=True EnsureShootingRangeToplogo=True ShowEnemyToplogo=None SetToplogoVisible=None AddToplogoVisibleTick=None EnemyTopLogoTimer=None RefreshToplogo=None ready_after=True
MARK key=anFFTEsxNr+4vTgF mark_id=ctf_esp_anFFTEsxNr_4vTgF pos=(16.224382400512695, 0.08436138182878494, -1.4008004665374756) CreateCommonMarkToplogoSceneOnly=ok CreateMarkWorldEffect=ok res=(<gclient.gameplay.util.common_toplogo.ToplogoGunRefit object at 0x0000025A17444050>,None)
ROBOT key=anFFTEsxNr+4vTgO pos=(-28.0, 0.05000007152557373, -13.0) ready_before=True EnsureShootingRangeToplogo=True ShowEnemyToplogo=None SetToplogoVisible=None AddToplogoVisibleTick=None EnemyTopLogoTimer=None RefreshToplogo=None ready_after=True
MARK key=anFFTEsxNr+4vTgO mark_id=ctf_esp_anFFTEsxNr_4vTgO pos=(-28.0, 0.05000007152557373, -13.0) CreateCommonMarkToplogoSceneOnly=ok CreateMarkWorldEffect=ok res=(<gclient.gameplay.util.common_toplogo.ToplogoGunRefit object at 0x0000025A17444690>,None)
ROBOT key=anFFTEsxNr+4vTgJ pos=(26.3205623626709, 0.06777054071426392, 2.599637508392334) ready_before=True EnsureShootingRangeToplogo=True ShowEnemyToplogo=None SetToplogoVisible=None AddToplogoVisibleTick=None EnemyTopLogoTimer=None RefreshToplogo=None ready_after=True
MARK key=anFFTEsxNr+4vTgJ mark_id=ctf_esp_anFFTEsxNr_4vTgJ pos=(26.3205623626709, 0.06777054071426392, 2.599637508392334) CreateCommonMarkToplogoSceneOnly=ok CreateMarkWorldEffect=ok res=(<gclient.gameplay.util.common_toplogo.ToplogoGunRefit object at 0x0000025A17445950>,None)
ROBOT key=anFFTEsxNr+4vTf9 pos=(-3.6765191555023193, 0.05925852805376053, -9.500686645507812) ready_before=True EnsureShootingRangeToplogo=True ShowEnemyToplogo=None SetToplogoVisible=None AddToplogoVisibleTick=None EnemyTopLogoTimer=None RefreshToplogo=None ready_after=True
MARK key=anFFTEsxNr+4vTf9 mark_id=ctf_esp_anFFTEsxNr_4vTf9 pos=(-3.6765191555023193, 0.05925852805376053, -9.500686645507812) CreateCommonMarkToplogoSceneOnly=ok CreateMarkWorldEffect=ok res=(<gclient.gameplay.util.common_toplogo.ToplogoGunRefit object at 0x0000025A17445F90>,None)
ROBOT key=anFFTEsxNr+4vTf4 pos=(-8.783376693725586, 0.09060776978731155, -13.467101097106934) ready_before=True EnsureShootingRangeToplogo=True ShowEnemyToplogo=None SetToplogoVisible=None AddToplogoVisibleTick=None EnemyTopLogoTimer=None RefreshToplogo=None ready_after=True
MARK key=anFFTEsxNr+4vTf4 mark_id=ctf_esp_anFFTEsxNr_4vTf4 pos=(-8.783376693725586, 0.09060776978731155, -13.467101097106934) CreateCommonMarkToplogoSceneOnly=ok CreateMarkWorldEffect=ok res=(<gclient.gameplay.util.common_toplogo.ToplogoGunRefit object at 0x0000025A174465D0>,None)
ROBOT key=anFFTEsxNr+4vTgB pos=(6.3227458000183105, 0.06980297714471817, -5.500764846801758) ready_before=True EnsureShootingRangeToplogo=True ShowEnemyToplogo=None SetToplogoVisible=None AddToplogoVisibleTick=None EnemyTopLogoTimer=None RefreshToplogo=None ready_after=True
MARK key=anFFTEsxNr+4vTgB mark_id=ctf_esp_anFFTEsxNr_4vTgB pos=(6.3227458000183105, 0.06980297714471817, -5.500764846801758) CreateCommonMarkToplogoSceneOnly=ok CreateMarkWorldEffect=ok res=(<gclient.gameplay.util.common_toplogo.ToplogoGunRefit object at 0x0000025A17446C10>,None)
MARK key=anFFTEsxNr+4vTgF mark_id=ctf_esp_anFFTEsxNr_4vTgF pos=(16.224382400512695, 0.08436138182878494, -1.4008004665374756) CreateCommonMarkToplogoSceneOnly=ok CreateMarkWorldEffect=ok res=(<gclient.gameplay.util.common_toplogo.ToplogoGunRefit object at 0x0000025A17444050>,None)
MARK key=anFFTEsxNr+4vTgO mark_id=ctf_esp_anFFTEsxNr_4vTgO pos=(-28.0, 0.05000007152557373, -13.0) CreateCommonMarkToplogoSceneOnly=ok CreateMarkWorldEffect=ok res=(<gclient.gameplay.util.common_toplogo.ToplogoGunRefit object at 0x0000025A17444690>,None)
MARK key=anFFTEsxNr+4vTgJ mark_id=ctf_esp_anFFTEsxNr_4vTgJ pos=(26.3205623626709, 0.06777054071426392, 2.599637508392334) CreateCommonMarkToplogoSceneOnly=ok CreateMarkWorldEffect=ok res=(<gclient.gameplay.util.common_toplogo.ToplogoGunRefit object at 0x0000025A17445950>,None)
MARK key=anFFTEsxNr+4vTf9 mark_id=ctf_esp_anFFTEsxNr_4vTf9 pos=(-3.6765191555023193, 0.05925852805376053, -9.500686645507812) CreateCommonMarkToplogoSceneOnly=ok CreateMarkWorldEffect=ok res=(<gclient.gameplay.util.common_toplogo.ToplogoGunRefit object at 0x0000025A17445F90>,None)
MARK key=anFFTEsxNr+4vTf4 mark_id=ctf_esp_anFFTEsxNr_4vTf4 pos=(-8.783376693725586, 0.09060776978731155, -13.467101097106934) CreateCommonMarkToplogoSceneOnly=ok CreateMarkWorldEffect=ok res=(<gclient.gameplay.util.common_toplogo.ToplogoGunRefit object at 0x0000025A174465D0>,None)
MARK key=anFFTEsxNr+4vTgB mark_id=ctf_esp_anFFTEsxNr_4vTgB pos=(6.3227458000183105, 0.06980297714471817, -5.500764846801758) CreateCommonMarkToplogoSceneOnly=ok CreateMarkWorldEffect=ok res=(<gclient.gameplay.util.common_toplogo.ToplogoGunRefit object at 0x0000025A17446C10>,None)
ROBOT key=anFFTEsxNr+4vTgF pos=(16.224382400512695, 0.08436138182878494, -1.4008004665374756) ready_before=True EnsureShootingRangeToplogo=True ShowEnemyToplogo=None SetToplogoVisible=None AddToplogoVisibleTick=None EnemyTopLogoTimer=None RefreshToplogo=None ready_after=True
MARK key=anFFTEsxNr+4vTgF mark_id=ctf_esp_anFFTEsxNr_4vTgF pos=(16.224382400512695, 0.08436138182878494, -1.4008004665374756) CreateCommonMarkToplogoSceneOnly=ok CreateMarkWorldEffect=ok res=(<gclient.gameplay.util.common_toplogo.ToplogoGunRefit object at 0x0000025A17444050>,None)
ROBOT key=anFFTEsxNr+4vTgO pos=(-28.0, 0.05000007152557373, -13.0) ready_before=True EnsureShootingRangeToplogo=True ShowEnemyToplogo=None SetToplogoVisible=None AddToplogoVisibleTick=None EnemyTopLogoTimer=None RefreshToplogo=None ready_after=True
MARK key=anFFTEsxNr+4vTgO mark_id=ctf_esp_anFFTEsxNr_4vTgO pos=(-28.0, 0.05000007152557373, -13.0) CreateCommonMarkToplogoSceneOnly=ok CreateMarkWorldEffect=ok res=(<gclient.gameplay.util.common_toplogo.ToplogoGunRefit object at 0x0000025A17444690>,None)
ROBOT key=anFFTEsxNr+4vTgJ pos=(26.3205623626709, 0.06777054071426392, 2.599637508392334) ready_before=True EnsureShootingRangeToplogo=True ShowEnemyToplogo=None SetToplogoVisible=None AddToplogoVisibleTick=None EnemyTopLogoTimer=None RefreshToplogo=None ready_after=True
MARK key=anFFTEsxNr+4vTgJ mark_id=ctf_esp_anFFTEsxNr_4vTgJ pos=(26.3205623626709, 0.06777054071426392, 2.599637508392334) CreateCommonMarkToplogoSceneOnly=ok CreateMarkWorldEffect=ok res=(<gclient.gameplay.util.common_toplogo.ToplogoGunRefit object at 0x0000025A17445950>,None)
ROBOT key=anFFTEsxNr+4vTf9 pos=(-3.6765191555023193, 0.05925852805376053, -9.500686645507812) ready_before=True EnsureShootingRangeToplogo=True ShowEnemyToplogo=None SetToplogoVisible=None AddToplogoVisibleTick=None EnemyTopLogoTimer=None RefreshToplogo=None ready_after=True
MARK key=anFFTEsxNr+4vTf9 mark_id=ctf_esp_anFFTEsxNr_4vTf9 pos=(-3.6765191555023193, 0.05925852805376053, -9.500686645507812) CreateCommonMarkToplogoSceneOnly=ok CreateMarkWorldEffect=ok res=(<gclient.gameplay.util.common_toplogo.ToplogoGunRefit object at 0x0000025A17445F90>,None)
ROBOT key=anFFTEsxNr+4vTf4 pos=(-8.783376693725586, 0.09060776978731155, -13.467101097106934) ready_before=True EnsureShootingRangeToplogo=True ShowEnemyToplogo=None SetToplogoVisible=None AddToplogoVisibleTick=None EnemyTopLogoTimer=None RefreshToplogo=None ready_after=True
MARK key=anFFTEsxNr+4vTf4 mark_id=ctf_esp_anFFTEsxNr_4vTf4 pos=(-8.783376693725586, 0.09060776978731155, -13.467101097106934) CreateCommonMarkToplogoSceneOnly=ok CreateMarkWorldEffect=ok res=(<gclient.gameplay.util.common_toplogo.ToplogoGunRefit object at 0x0000025A174465D0>,None)
ROBOT key=anFFTEsxNr+4vTgB pos=(6.3227458000183105, 0.06980297714471817, -5.500764846801758) ready_before=True EnsureShootingRangeToplogo=True ShowEnemyToplogo=None SetToplogoVisible=None AddToplogoVisibleTick=None EnemyTopLogoTimer=None RefreshToplogo=None ready_after=True
MARK key=anFFTEsxNr+4vTgB mark_id=ctf_esp_anFFTEsxNr_4vTgB pos=(6.3227458000183105, 0.06980297714471817, -5.500764846801758) CreateCommonMarkToplogoSceneOnly=ok CreateMarkWorldEffect=ok res=(<gclient.gameplay.util.common_toplogo.ToplogoGunRefit object at 0x0000025A17446C10>,None)
MARK key=anFFTEsxNr+4vTgF mark_id=ctf_esp_anFFTEsxNr_4vTgF pos=(16.224382400512695, 0.08436138182878494, -1.4008004665374756) CreateCommonMarkToplogoSceneOnly=ok CreateMarkWorldEffect=ok res=(<gclient.gameplay.util.common_toplogo.ToplogoGunRefit object at 0x0000025A17444050>,None)
MARK key=anFFTEsxNr+4vTgO mark_id=ctf_esp_anFFTEsxNr_4vTgO pos=(-28.0, 0.05000007152557373, -13.0) CreateCommonMarkToplogoSceneOnly=ok CreateMarkWorldEffect=ok res=(<gclient.gameplay.util.common_toplogo.ToplogoGunRefit object at 0x0000025A17444690>,None)
MARK key=anFFTEsxNr+4vTgJ mark_id=ctf_esp_anFFTEsxNr_4vTgJ pos=(26.3205623626709, 0.06777054071426392, 2.599637508392334) CreateCommonMarkToplogoSceneOnly=ok CreateMarkWorldEffect=ok res=(<gclient.gameplay.util.common_toplogo.ToplogoGunRefit object at 0x0000025A17445950>,None)
MARK key=anFFTEsxNr+4vTf9 mark_id=ctf_esp_anFFTEsxNr_4vTf9 pos=(-3.6765191555023193, 0.05925852805376053, -9.500686645507812) CreateCommonMarkToplogoSceneOnly=ok CreateMarkWorldEffect=ok res=(<gclient.gameplay.util.common_toplogo.ToplogoGunRefit object at 0x0000025A17445F90>,None)
MARK key=anFFTEsxNr+4vTf4 mark_id=ctf_esp_anFFTEsxNr_4vTf4 pos=(-8.783376693725586, 0.09060776978731155, -13.467101097106934) CreateCommonMarkToplogoSceneOnly=ok CreateMarkWorldEffect=ok res=(<gclient.gameplay.util.common_toplogo.ToplogoGunRefit object at 0x0000025A174465D0>,None)
MARK key=anFFTEsxNr+4vTgB mark_id=ctf_esp_anFFTEsxNr_4vTgB pos=(6.3227458000183105, 0.06980297714471817, -5.500764846801758) CreateCommonMarkToplogoSceneOnly=ok CreateMarkWorldEffect=ok res=(<gclient.gameplay.util.common_toplogo.ToplogoGunRefit object at 0x0000025A17446C10>,None)
TICK n=880 total=23 players=[('anFFZUsxNr+4vT0l', (-18.63779640197754, 0.05000004172325134, -3.8983371257781982))] robots=[('anFFTEsxNr+4vTgF', (16.224382400512695, 0.08436138182878494, -1.4008004665374756)), ('anFFTEsxNr+4vTgO', (-28.0, 0.05000007152557373, -13.0)), ('anFFTEsxNr+4vTgJ', (26.3205623626709, 0.06777054071426392, 2.599637508392334)), ('anFFTEsxNr+4vTf9', (-3.6765191555023193, 0.05925852805376053, -9.500686645507812)), ('anFFTEsxNr+4vTf4', (-8.783376693725586, 0.09060776978731155, -13.467101097106934)), ('anFFTEsxNr+4vTgB', (6.3227458000183105, 0.06980297714471817, -5.500764846801758))]
ROBOT key=anFFTEsxNr+4vTgF pos=(16.224382400512695, 0.08436138182878494, -1.4008004665374756) ready_before=True EnsureShootingRangeToplogo=True ShowEnemyToplogo=None SetToplogoVisible=None AddToplogoVisibleTick=None EnemyTopLogoTimer=None RefreshToplogo=None ready_after=True
MARK key=anFFTEsxNr+4vTgF mark_id=ctf_esp_anFFTEsxNr_4vTgF pos=(16.224382400512695, 0.08436138182878494, -1.4008004665374756) CreateCommonMarkToplogoSceneOnly=ok CreateMarkWorldEffect=ok res=(<gclient.gameplay.util.common_toplogo.ToplogoGunRefit object at 0x0000025A17444050>,None)
ROBOT key=anFFTEsxNr+4vTgO pos=(-28.0, 0.05000007152557373, -13.0) ready_before=True EnsureShootingRangeToplogo=True ShowEnemyToplogo=None SetToplogoVisible=None AddToplogoVisibleTick=None EnemyTopLogoTimer=None RefreshToplogo=None ready_after=True
MARK key=anFFTEsxNr+4vTgO mark_id=ctf_esp_anFFTEsxNr_4vTgO pos=(-28.0, 0.05000007152557373, -13.0) CreateCommonMarkToplogoSceneOnly=ok CreateMarkWorldEffect=ok res=(<gclient.gameplay.util.common_toplogo.ToplogoGunRefit object at 0x0000025A17444690>,None)
ROBOT key=anFFTEsxNr+4vTgJ pos=(26.3205623626709, 0.06777054071426392, 2.599637508392334) ready_before=True EnsureShootingRangeToplogo=True ShowEnemyToplogo=None SetToplogoVisible=None AddToplogoVisibleTick=None EnemyTopLogoTimer=None RefreshToplogo=None ready_after=True
MARK key=anFFTEsxNr+4vTgJ mark_id=ctf_esp_anFFTEsxNr_4vTgJ pos=(26.3205623626709, 0.06777054071426392, 2.599637508392334) CreateCommonMarkToplogoSceneOnly=ok CreateMarkWorldEffect=ok res=(<gclient.gameplay.util.common_toplogo.ToplogoGunRefit object at 0x0000025A17445950>,None)
ROBOT key=anFFTEsxNr+4vTf9 pos=(-3.6765191555023193, 0.05925852805376053, -9.500686645507812) ready_before=True EnsureShootingRangeToplogo=True ShowEnemyToplogo=None SetToplogoVisible=None AddToplogoVisibleTick=None EnemyTopLogoTimer=None RefreshToplogo=None ready_after=True
MARK key=anFFTEsxNr+4vTf9 mark_id=ctf_esp_anFFTEsxNr_4vTf9 pos=(-3.6765191555023193, 0.05925852805376053, -9.500686645507812) CreateCommonMarkToplogoSceneOnly=ok CreateMarkWorldEffect=ok res=(<gclient.gameplay.util.common_toplogo.ToplogoGunRefit object at 0x0000025A17445F90>,None)
ROBOT key=anFFTEsxNr+4vTf4 pos=(-8.783376693725586, 0.09060776978731155, -13.467101097106934) ready_before=True EnsureShootingRangeToplogo=True ShowEnemyToplogo=None SetToplogoVisible=None AddToplogoVisibleTick=None EnemyTopLogoTimer=None RefreshToplogo=None ready_after=True
MARK key=anFFTEsxNr+4vTf4 mark_id=ctf_esp_anFFTEsxNr_4vTf4 pos=(-8.783376693725586, 0.09060776978731155, -13.467101097106934) CreateCommonMarkToplogoSceneOnly=ok CreateMarkWorldEffect=ok res=(<gclient.gameplay.util.common_toplogo.ToplogoGunRefit object at 0x0000025A174465D0>,None)
ROBOT key=anFFTEsxNr+4vTgB pos=(6.3227458000183105, 0.06980297714471817, -5.500764846801758) ready_before=True EnsureShootingRangeToplogo=True ShowEnemyToplogo=None SetToplogoVisible=None AddToplogoVisibleTick=None EnemyTopLogoTimer=None RefreshToplogo=None ready_after=True
MARK key=anFFTEsxNr+4vTgB mark_id=ctf_esp_anFFTEsxNr_4vTgB pos=(6.3227458000183105, 0.06980297714471817, -5.500764846801758) CreateCommonMarkToplogoSceneOnly=ok CreateMarkWorldEffect=ok res=(<gclient.gameplay.util.common_toplogo.ToplogoGunRefit object at 0x0000025A17446C10>,None)
MARK key=anFFTEsxNr+4vTgF mark_id=ctf_esp_anFFTEsxNr_4vTgF pos=(16.224382400512695, 0.08436138182878494, -1.4008004665374756) CreateCommonMarkToplogoSceneOnly=ok CreateMarkWorldEffect=ok res=(<gclient.gameplay.util.common_toplogo.ToplogoGunRefit object at 0x0000025A17444050>,None)
MARK key=anFFTEsxNr+4vTgO mark_id=ctf_esp_anFFTEsxNr_4vTgO pos=(-28.0, 0.05000007152557373, -13.0) CreateCommonMarkToplogoSceneOnly=ok CreateMarkWorldEffect=ok res=(<gclient.gameplay.util.common_toplogo.ToplogoGunRefit object at 0x0000025A17444690>,None)
MARK key=anFFTEsxNr+4vTgJ mark_id=ctf_esp_anFFTEsxNr_4vTgJ pos=(26.3205623626709, 0.06777054071426392, 2.599637508392334) CreateCommonMarkToplogoSceneOnly=ok CreateMarkWorldEffect=ok res=(<gclient.gameplay.util.common_toplogo.ToplogoGunRefit object at 0x0000025A17445950>,None)
MARK key=anFFTEsxNr+4vTf9 mark_id=ctf_esp_anFFTEsxNr_4vTf9 pos=(-3.6765191555023193, 0.05925852805376053, -9.500686645507812) CreateCommonMarkToplogoSceneOnly=ok CreateMarkWorldEffect=ok res=(<gclient.gameplay.util.common_toplogo.ToplogoGunRefit object at 0x0000025A17445F90>,None)
MARK key=anFFTEsxNr+4vTf4 mark_id=ctf_esp_anFFTEsxNr_4vTf4 pos=(-8.783376693725586, 0.09060776978731155, -13.467101097106934) CreateCommonMarkToplogoSceneOnly=ok CreateMarkWorldEffect=ok res=(<gclient.gameplay.util.common_toplogo.ToplogoGunRefit object at 0x0000025A174465D0>,None)
MARK key=anFFTEsxNr+4vTgB mark_id=ctf_esp_anFFTEsxNr_4vTgB pos=(6.3227458000183105, 0.06980297714471817, -5.500764846801758) CreateCommonMarkToplogoSceneOnly=ok CreateMarkWorldEffect=ok res=(<gclient.gameplay.util.common_toplogo.ToplogoGunRefit object at 0x0000025A17446C10>,None)
ROBOT key=anFFTEsxNr+4vTgF pos=(16.224382400512695, 0.08436138182878494, -1.4008004665374756) ready_before=True EnsureShootingRangeToplogo=True ShowEnemyToplogo=None SetToplogoVisible=None AddToplogoVisibleTick=None EnemyTopLogoTimer=None RefreshToplogo=None ready_after=True
MARK key=anFFTEsxNr+4vTgF mark_id=ctf_esp_anFFTEsxNr_4vTgF pos=(16.224382400512695, 0.08436138182878494, -1.4008004665374756) CreateCommonMarkToplogoSceneOnly=ok CreateMarkWorldEffect=ok res=(<gclient.gameplay.util.common_toplogo.ToplogoGunRefit object at 0x0000025A17444050>,None)
ROBOT key=anFFTEsxNr+4vTgO pos=(-28.0, 0.05000007152557373, -13.0) ready_before=True EnsureShootingRangeToplogo=True ShowEnemyToplogo=None SetToplogoVisible=None AddToplogoVisibleTick=None EnemyTopLogoTimer=None RefreshToplogo=None ready_after=True
MARK key=anFFTEsxNr+4vTgO mark_id=ctf_esp_anFFTEsxNr_4vTgO pos=(-28.0, 0.05000007152557373, -13.0) CreateCommonMarkToplogoSceneOnly=ok CreateMarkWorldEffect=ok res=(<gclient.gameplay.util.common_toplogo.ToplogoGunRefit object at 0x0000025A17444690>,None)
ROBOT key=anFFTEsxNr+4vTgJ pos=(26.3205623626709, 0.06777054071426392, 2.599637508392334) ready_before=True EnsureShootingRangeToplogo=True ShowEnemyToplogo=None SetToplogoVisible=None AddToplogoVisibleTick=None EnemyTopLogoTimer=None RefreshToplogo=None ready_after=True
MARK key=anFFTEsxNr+4vTgJ mark_id=ctf_esp_anFFTEsxNr_4vTgJ pos=(26.3205623626709, 0.06777054071426392, 2.599637508392334) CreateCommonMarkToplogoSceneOnly=ok CreateMarkWorldEffect=ok res=(<gclient.gameplay.util.common_toplogo.ToplogoGunRefit object at 0x0000025A17445950>,None)
ROBOT key=anFFTEsxNr+4vTf9 pos=(-3.6765191555023193, 0.05925852805376053, -9.500686645507812) ready_before=True EnsureShootingRangeToplogo=True ShowEnemyToplogo=None SetToplogoVisible=None AddToplogoVisibleTick=None EnemyTopLogoTimer=None RefreshToplogo=None ready_after=True
MARK key=anFFTEsxNr+4vTf9 mark_id=ctf_esp_anFFTEsxNr_4vTf9 pos=(-3.6765191555023193, 0.05925852805376053, -9.500686645507812) CreateCommonMarkToplogoSceneOnly=ok CreateMarkWorldEffect=ok res=(<gclient.gameplay.util.common_toplogo.ToplogoGunRefit object at 0x0000025A17445F90>,None)
ROBOT key=anFFTEsxNr+4vTf4 pos=(-8.783376693725586, 0.09060776978731155, -13.467101097106934) ready_before=True EnsureShootingRangeToplogo=True ShowEnemyToplogo=None SetToplogoVisible=None AddToplogoVisibleTick=None EnemyTopLogoTimer=None RefreshToplogo=None ready_after=True
MARK key=anFFTEsxNr+4vTf4 mark_id=ctf_esp_anFFTEsxNr_4vTf4 pos=(-8.783376693725586, 0.09060776978731155, -13.467101097106934) CreateCommonMarkToplogoSceneOnly=ok CreateMarkWorldEffect=ok res=(<gclient.gameplay.util.common_toplogo.ToplogoGunRefit object at 0x0000025A174465D0>,None)
ROBOT key=anFFTEsxNr+4vTgB pos=(6.3227458000183105, 0.06980297714471817, -5.500764846801758) ready_before=True EnsureShootingRangeToplogo=True ShowEnemyToplogo=None SetToplogoVisible=None AddToplogoVisibleTick=None EnemyTopLogoTimer=None RefreshToplogo=None ready_after=True
MARK key=anFFTEsxNr+4vTgB mark_id=ctf_esp_anFFTEsxNr_4vTgB pos=(6.3227458000183105, 0.06980297714471817, -5.500764846801758) CreateCommonMarkToplogoSceneOnly=ok CreateMarkWorldEffect=ok res=(<gclient.gameplay.util.common_toplogo.ToplogoGunRefit object at 0x0000025A17446C10>,None)
MARK key=anFFTEsxNr+4vTgF mark_id=ctf_esp_anFFTEsxNr_4vTgF pos=(16.224382400512695, 0.08436138182878494, -1.4008004665374756) CreateCommonMarkToplogoSceneOnly=ok CreateMarkWorldEffect=ok res=(<gclient.gameplay.util.common_toplogo.ToplogoGunRefit object at 0x0000025A17444050>,None)
MARK key=anFFTEsxNr+4vTgO mark_id=ctf_esp_anFFTEsxNr_4vTgO pos=(-28.0, 0.05000007152557373, -13.0) CreateCommonMarkToplogoSceneOnly=ok CreateMarkWorldEffect=ok res=(<gclient.gameplay.util.common_toplogo.ToplogoGunRefit object at 0x0000025A17444690>,None)
MARK key=anFFTEsxNr+4vTgJ mark_id=ctf_esp_anFFTEsxNr_4vTgJ pos=(26.3205623626709, 0.06777054071426392, 2.599637508392334) CreateCommonMarkToplogoSceneOnly=ok CreateMarkWorldEffect=ok res=(<gclient.gameplay.util.common_toplogo.ToplogoGunRefit object at 0x0000025A17445950>,None)
MARK key=anFFTEsxNr+4vTf9 mark_id=ctf_esp_anFFTEsxNr_4vTf9 pos=(-3.6765191555023193, 0.05925852805376053, -9.500686645507812) CreateCommonMarkToplogoSceneOnly=ok CreateMarkWorldEffect=ok res=(<gclient.gameplay.util.common_toplogo.ToplogoGunRefit object at 0x0000025A17445F90>,None)
MARK key=anFFTEsxNr+4vTf4 mark_id=ctf_esp_anFFTEsxNr_4vTf4 pos=(-8.783376693725586, 0.09060776978731155, -13.467101097106934) CreateCommonMarkToplogoSceneOnly=ok CreateMarkWorldEffect=ok res=(<gclient.gameplay.util.common_toplogo.ToplogoGunRefit object at 0x0000025A174465D0>,None)
MARK key=anFFTEsxNr+4vTgB mark_id=ctf_esp_anFFTEsxNr_4vTgB pos=(6.3227458000183105, 0.06980297714471817, -5.500764846801758) CreateCommonMarkToplogoSceneOnly=ok CreateMarkWorldEffect=ok res=(<gclient.gameplay.util.common_toplogo.ToplogoGunRefit object at 0x0000025A17446C10>,None)
TICK n=920 total=23 players=[('anFFZUsxNr+4vT0l', (-20.648639678955078, 0.049999967217445374, -9.513997077941895))] robots=[('anFFTEsxNr+4vTgF', (16.224382400512695, 0.08436138182878494, -1.4008004665374756)), ('anFFTEsxNr+4vTgO', (-28.0, 0.05000007152557373, -13.0)), ('anFFTEsxNr+4vTgJ', (26.3205623626709, 0.06777054071426392, 2.599637508392334)), ('anFFTEsxNr+4vTf9', (-3.6765191555023193, 0.05925852805376053, -9.500686645507812)), ('anFFTEsxNr+4vTf4', (-8.783376693725586, 0.09060776978731155, -13.467101097106934)), ('anFFTEsxNr+4vTgB', (6.3227458000183105, 0.06980297714471817, -5.500764846801758))]
ROBOT key=anFFTEsxNr+4vTgF pos=(16.224382400512695, 0.08436138182878494, -1.4008004665374756) ready_before=True EnsureShootingRangeToplogo=True ShowEnemyToplogo=None SetToplogoVisible=None AddToplogoVisibleTick=None EnemyTopLogoTimer=None RefreshToplogo=None ready_after=True
MARK key=anFFTEsxNr+4vTgF mark_id=ctf_esp_anFFTEsxNr_4vTgF pos=(16.224382400512695, 0.08436138182878494, -1.4008004665374756) CreateCommonMarkToplogoSceneOnly=ok CreateMarkWorldEffect=ok res=(<gclient.gameplay.util.common_toplogo.ToplogoGunRefit object at 0x0000025A17444050>,None)
ROBOT key=anFFTEsxNr+4vTgO pos=(-28.0, 0.05000007152557373, -13.0) ready_before=True EnsureShootingRangeToplogo=True ShowEnemyToplogo=None SetToplogoVisible=None AddToplogoVisibleTick=None EnemyTopLogoTimer=None RefreshToplogo=None ready_after=True
MARK key=anFFTEsxNr+4vTgO mark_id=ctf_esp_anFFTEsxNr_4vTgO pos=(-28.0, 0.05000007152557373, -13.0) CreateCommonMarkToplogoSceneOnly=ok CreateMarkWorldEffect=ok res=(<gclient.gameplay.util.common_toplogo.ToplogoGunRefit object at 0x0000025A17444690>,None)
ROBOT key=anFFTEsxNr+4vTgJ pos=(26.3205623626709, 0.06777054071426392, 2.599637508392334) ready_before=True EnsureShootingRangeToplogo=True ShowEnemyToplogo=None SetToplogoVisible=None AddToplogoVisibleTick=None EnemyTopLogoTimer=None RefreshToplogo=None ready_after=True
MARK key=anFFTEsxNr+4vTgJ mark_id=ctf_esp_anFFTEsxNr_4vTgJ pos=(26.3205623626709, 0.06777054071426392, 2.599637508392334) CreateCommonMarkToplogoSceneOnly=ok CreateMarkWorldEffect=ok res=(<gclient.gameplay.util.common_toplogo.ToplogoGunRefit object at 0x0000025A17445950>,None)
ROBOT key=anFFTEsxNr+4vTf9 pos=(-3.6765191555023193, 0.05925852805376053, -9.500686645507812) ready_before=True EnsureShootingRangeToplogo=True ShowEnemyToplogo=None SetToplogoVisible=None AddToplogoVisibleTick=None EnemyTopLogoTimer=None RefreshToplogo=None ready_after=True
MARK key=anFFTEsxNr+4vTf9 mark_id=ctf_esp_anFFTEsxNr_4vTf9 pos=(-3.6765191555023193, 0.05925852805376053, -9.500686645507812) CreateCommonMarkToplogoSceneOnly=ok CreateMarkWorldEffect=ok res=(<gclient.gameplay.util.common_toplogo.ToplogoGunRefit object at 0x0000025A17445F90>,None)
ROBOT key=anFFTEsxNr+4vTf4 pos=(-8.783376693725586, 0.09060776978731155, -13.467101097106934) ready_before=True EnsureShootingRangeToplogo=True ShowEnemyToplogo=None SetToplogoVisible=None AddToplogoVisibleTick=None EnemyTopLogoTimer=None RefreshToplogo=None ready_after=True
MARK key=anFFTEsxNr+4vTf4 mark_id=ctf_esp_anFFTEsxNr_4vTf4 pos=(-8.783376693725586, 0.09060776978731155, -13.467101097106934) CreateCommonMarkToplogoSceneOnly=ok CreateMarkWorldEffect=ok res=(<gclient.gameplay.util.common_toplogo.ToplogoGunRefit object at 0x0000025A174465D0>,None)
ROBOT key=anFFTEsxNr+4vTgB pos=(6.3227458000183105, 0.06980297714471817, -5.500764846801758) ready_before=True EnsureShootingRangeToplogo=True ShowEnemyToplogo=None SetToplogoVisible=None AddToplogoVisibleTick=None EnemyTopLogoTimer=None RefreshToplogo=None ready_after=True
MARK key=anFFTEsxNr+4vTgB mark_id=ctf_esp_anFFTEsxNr_4vTgB pos=(6.3227458000183105, 0.06980297714471817, -5.500764846801758) CreateCommonMarkToplogoSceneOnly=ok CreateMarkWorldEffect=ok res=(<gclient.gameplay.util.common_toplogo.ToplogoGunRefit object at 0x0000025A17446C10>,None)
MARK key=anFFTEsxNr+4vTgF mark_id=ctf_esp_anFFTEsxNr_4vTgF pos=(16.224382400512695, 0.08436138182878494, -1.4008004665374756) CreateCommonMarkToplogoSceneOnly=ok CreateMarkWorldEffect=ok res=(<gclient.gameplay.util.common_toplogo.ToplogoGunRefit object at 0x0000025A17444050>,None)
MARK key=anFFTEsxNr+4vTgO mark_id=ctf_esp_anFFTEsxNr_4vTgO pos=(-28.0, 0.05000007152557373, -13.0) CreateCommonMarkToplogoSceneOnly=ok CreateMarkWorldEffect=ok res=(<gclient.gameplay.util.common_toplogo.ToplogoGunRefit object at 0x0000025A17444690>,None)
MARK key=anFFTEsxNr+4vTgJ mark_id=ctf_esp_anFFTEsxNr_4vTgJ pos=(26.3205623626709, 0.06777054071426392, 2.599637508392334) CreateCommonMarkToplogoSceneOnly=ok CreateMarkWorldEffect=ok res=(<gclient.gameplay.util.common_toplogo.ToplogoGunRefit object at 0x0000025A17445950>,None)
MARK key=anFFTEsxNr+4vTf9 mark_id=ctf_esp_anFFTEsxNr_4vTf9 pos=(-3.6765191555023193, 0.05925852805376053, -9.500686645507812) CreateCommonMarkToplogoSceneOnly=ok CreateMarkWorldEffect=ok res=(<gclient.gameplay.util.common_toplogo.ToplogoGunRefit object at 0x0000025A17445F90>,None)
MARK key=anFFTEsxNr+4vTf4 mark_id=ctf_esp_anFFTEsxNr_4vTf4 pos=(-8.783376693725586, 0.09060776978731155, -13.467101097106934) CreateCommonMarkToplogoSceneOnly=ok CreateMarkWorldEffect=ok res=(<gclient.gameplay.util.common_toplogo.ToplogoGunRefit object at 0x0000025A174465D0>,None)
MARK key=anFFTEsxNr+4vTgB mark_id=ctf_esp_anFFTEsxNr_4vTgB pos=(6.3227458000183105, 0.06980297714471817, -5.500764846801758) CreateCommonMarkToplogoSceneOnly=ok CreateMarkWorldEffect=ok res=(<gclient.gameplay.util.common_toplogo.ToplogoGunRefit object at 0x0000025A17446C10>,None)
ROBOT key=anFFTEsxNr+4vTgF pos=(16.224382400512695, 0.08436138182878494, -1.4008004665374756) ready_before=True EnsureShootingRangeToplogo=True ShowEnemyToplogo=None SetToplogoVisible=None AddToplogoVisibleTick=None EnemyTopLogoTimer=None RefreshToplogo=None ready_after=True
MARK key=anFFTEsxNr+4vTgF mark_id=ctf_esp_anFFTEsxNr_4vTgF pos=(16.224382400512695, 0.08436138182878494, -1.4008004665374756) CreateCommonMarkToplogoSceneOnly=ok CreateMarkWorldEffect=ok res=(<gclient.gameplay.util.common_toplogo.ToplogoGunRefit object at 0x0000025A17444050>,None)
ROBOT key=anFFTEsxNr+4vTgO pos=(-28.0, 0.05000007152557373, -13.0) ready_before=True EnsureShootingRangeToplogo=True ShowEnemyToplogo=None SetToplogoVisible=None AddToplogoVisibleTick=None EnemyTopLogoTimer=None RefreshToplogo=None ready_after=True
MARK key=anFFTEsxNr+4vTgO mark_id=ctf_esp_anFFTEsxNr_4vTgO pos=(-28.0, 0.05000007152557373, -13.0) CreateCommonMarkToplogoSceneOnly=ok CreateMarkWorldEffect=ok res=(<gclient.gameplay.util.common_toplogo.ToplogoGunRefit object at 0x0000025A17444690>,None)
ROBOT key=anFFTEsxNr+4vTgJ pos=(26.3205623626709, 0.06777054071426392, 2.599637508392334) ready_before=True EnsureShootingRangeToplogo=True ShowEnemyToplogo=None SetToplogoVisible=None AddToplogoVisibleTick=None EnemyTopLogoTimer=None RefreshToplogo=None ready_after=True
MARK key=anFFTEsxNr+4vTgJ mark_id=ctf_esp_anFFTEsxNr_4vTgJ pos=(26.3205623626709, 0.06777054071426392, 2.599637508392334) CreateCommonMarkToplogoSceneOnly=ok CreateMarkWorldEffect=ok res=(<gclient.gameplay.util.common_toplogo.ToplogoGunRefit object at 0x0000025A17445950>,None)
ROBOT key=anFFTEsxNr+4vTf9 pos=(-3.6765191555023193, 0.05925852805376053, -9.500686645507812) ready_before=True EnsureShootingRangeToplogo=True ShowEnemyToplogo=None SetToplogoVisible=None AddToplogoVisibleTick=None EnemyTopLogoTimer=None RefreshToplogo=None ready_after=True
MARK key=anFFTEsxNr+4vTf9 mark_id=ctf_esp_anFFTEsxNr_4vTf9 pos=(-3.6765191555023193, 0.05925852805376053, -9.500686645507812) CreateCommonMarkToplogoSceneOnly=ok CreateMarkWorldEffect=ok res=(<gclient.gameplay.util.common_toplogo.ToplogoGunRefit object at 0x0000025A17445F90>,None)
ROBOT key=anFFTEsxNr+4vTf4 pos=(-8.783376693725586, 0.09060776978731155, -13.467101097106934) ready_before=True EnsureShootingRangeToplogo=True ShowEnemyToplogo=None SetToplogoVisible=None AddToplogoVisibleTick=None EnemyTopLogoTimer=None RefreshToplogo=None ready_after=True
MARK key=anFFTEsxNr+4vTf4 mark_id=ctf_esp_anFFTEsxNr_4vTf4 pos=(-8.783376693725586, 0.09060776978731155, -13.467101097106934) CreateCommonMarkToplogoSceneOnly=ok CreateMarkWorldEffect=ok res=(<gclient.gameplay.util.common_toplogo.ToplogoGunRefit object at 0x0000025A174465D0>,None)
ROBOT key=anFFTEsxNr+4vTgB pos=(6.3227458000183105, 0.06980297714471817, -5.500764846801758) ready_before=True EnsureShootingRangeToplogo=True ShowEnemyToplogo=None SetToplogoVisible=None AddToplogoVisibleTick=None EnemyTopLogoTimer=None RefreshToplogo=None ready_after=True
MARK key=anFFTEsxNr+4vTgB mark_id=ctf_esp_anFFTEsxNr_4vTgB pos=(6.3227458000183105, 0.06980297714471817, -5.500764846801758) CreateCommonMarkToplogoSceneOnly=ok CreateMarkWorldEffect=ok res=(<gclient.gameplay.util.common_toplogo.ToplogoGunRefit object at 0x0000025A17446C10>,None)
MARK key=anFFTEsxNr+4vTgF mark_id=ctf_esp_anFFTEsxNr_4vTgF pos=(16.224382400512695, 0.08436138182878494, -1.4008004665374756) CreateCommonMarkToplogoSceneOnly=ok CreateMarkWorldEffect=ok res=(<gclient.gameplay.util.common_toplogo.ToplogoGunRefit object at 0x0000025A17444050>,None)
MARK key=anFFTEsxNr+4vTgO mark_id=ctf_esp_anFFTEsxNr_4vTgO pos=(-28.0, 0.05000007152557373, -13.0) CreateCommonMarkToplogoSceneOnly=ok CreateMarkWorldEffect=ok res=(<gclient.gameplay.util.common_toplogo.ToplogoGunRefit object at 0x0000025A17444690>,None)
MARK key=anFFTEsxNr+4vTgJ mark_id=ctf_esp_anFFTEsxNr_4vTgJ pos=(26.3205623626709, 0.06777054071426392, 2.599637508392334) CreateCommonMarkToplogoSceneOnly=ok CreateMarkWorldEffect=ok res=(<gclient.gameplay.util.common_toplogo.ToplogoGunRefit object at 0x0000025A17445950>,None)
MARK key=anFFTEsxNr+4vTf9 mark_id=ctf_esp_anFFTEsxNr_4vTf9 pos=(-3.6765191555023193, 0.05925852805376053, -9.500686645507812) CreateCommonMarkToplogoSceneOnly=ok CreateMarkWorldEffect=ok res=(<gclient.gameplay.util.common_toplogo.ToplogoGunRefit object at 0x0000025A17445F90>,None)
MARK key=anFFTEsxNr+4vTf4 mark_id=ctf_esp_anFFTEsxNr_4vTf4 pos=(-8.783376693725586, 0.09060776978731155, -13.467101097106934) CreateCommonMarkToplogoSceneOnly=ok CreateMarkWorldEffect=ok res=(<gclient.gameplay.util.common_toplogo.ToplogoGunRefit object at 0x0000025A174465D0>,None)
MARK key=anFFTEsxNr+4vTgB mark_id=ctf_esp_anFFTEsxNr_4vTgB pos=(6.3227458000183105, 0.06980297714471817, -5.500764846801758) CreateCommonMarkToplogoSceneOnly=ok CreateMarkWorldEffect=ok res=(<gclient.gameplay.util.common_toplogo.ToplogoGunRefit object at 0x0000025A17446C10>,None)
TICK n=960 total=23 players=[('anFFZUsxNr+4vT0l', (-20.648639678955078, 0.049999967217445374, -9.513997077941895))] robots=[('anFFTEsxNr+4vTgF', (16.224382400512695, 0.08436138182878494, -1.4008004665374756)), ('anFFTEsxNr+4vTgO', (-28.0, 0.05000007152557373, -13.0)), ('anFFTEsxNr+4vTgJ', (26.3205623626709, 0.06777054071426392, 2.599637508392334)), ('anFFTEsxNr+4vTf9', (-3.6765191555023193, 0.05925852805376053, -9.500686645507812)), ('anFFTEsxNr+4vTf4', (-8.783376693725586, 0.09060776978731155, -13.467101097106934)), ('anFFTEsxNr+4vTgB', (6.3227458000183105, 0.06980297714471817, -5.500764846801758))]
ROBOT key=anFFTEsxNr+4vTgF pos=(16.224382400512695, 0.08436138182878494, -1.4008004665374756) ready_before=True EnsureShootingRangeToplogo=True ShowEnemyToplogo=None SetToplogoVisible=None AddToplogoVisibleTick=None EnemyTopLogoTimer=None RefreshToplogo=None ready_after=True
MARK key=anFFTEsxNr+4vTgF mark_id=ctf_esp_anFFTEsxNr_4vTgF pos=(16.224382400512695, 0.08436138182878494, -1.4008004665374756) CreateCommonMarkToplogoSceneOnly=ok CreateMarkWorldEffect=ok res=(<gclient.gameplay.util.common_toplogo.ToplogoGunRefit object at 0x0000025A17444050>,None)
ROBOT key=anFFTEsxNr+4vTgO pos=(-28.0, 0.05000007152557373, -13.0) ready_before=True EnsureShootingRangeToplogo=True ShowEnemyToplogo=None SetToplogoVisible=None AddToplogoVisibleTick=None EnemyTopLogoTimer=None RefreshToplogo=None ready_after=True
MARK key=anFFTEsxNr+4vTgO mark_id=ctf_esp_anFFTEsxNr_4vTgO pos=(-28.0, 0.05000007152557373, -13.0) CreateCommonMarkToplogoSceneOnly=ok CreateMarkWorldEffect=ok res=(<gclient.gameplay.util.common_toplogo.ToplogoGunRefit object at 0x0000025A17444690>,None)
ROBOT key=anFFTEsxNr+4vTgJ pos=(26.3205623626709, 0.06777054071426392, 2.599637508392334) ready_before=True EnsureShootingRangeToplogo=True ShowEnemyToplogo=None SetToplogoVisible=None AddToplogoVisibleTick=None EnemyTopLogoTimer=None RefreshToplogo=None ready_after=True
MARK key=anFFTEsxNr+4vTgJ mark_id=ctf_esp_anFFTEsxNr_4vTgJ pos=(26.3205623626709, 0.06777054071426392, 2.599637508392334) CreateCommonMarkToplogoSceneOnly=ok CreateMarkWorldEffect=ok res=(<gclient.gameplay.util.common_toplogo.ToplogoGunRefit object at 0x0000025A17445950>,None)
ROBOT key=anFFTEsxNr+4vTf9 pos=(-3.6765191555023193, 0.05925852805376053, -9.500686645507812) ready_before=True EnsureShootingRangeToplogo=True ShowEnemyToplogo=None SetToplogoVisible=None AddToplogoVisibleTick=None EnemyTopLogoTimer=None RefreshToplogo=None ready_after=True
MARK key=anFFTEsxNr+4vTf9 mark_id=ctf_esp_anFFTEsxNr_4vTf9 pos=(-3.6765191555023193, 0.05925852805376053, -9.500686645507812) CreateCommonMarkToplogoSceneOnly=ok CreateMarkWorldEffect=ok res=(<gclient.gameplay.util.common_toplogo.ToplogoGunRefit object at 0x0000025A17445F90>,None)
ROBOT key=anFFTEsxNr+4vTf4 pos=(-8.783376693725586, 0.09060776978731155, -13.467101097106934) ready_before=True EnsureShootingRangeToplogo=True ShowEnemyToplogo=None SetToplogoVisible=None AddToplogoVisibleTick=None EnemyTopLogoTimer=None RefreshToplogo=None ready_after=True
MARK key=anFFTEsxNr+4vTf4 mark_id=ctf_esp_anFFTEsxNr_4vTf4 pos=(-8.783376693725586, 0.09060776978731155, -13.467101097106934) CreateCommonMarkToplogoSceneOnly=ok CreateMarkWorldEffect=ok res=(<gclient.gameplay.util.common_toplogo.ToplogoGunRefit object at 0x0000025A174465D0>,None)
ROBOT key=anFFTEsxNr+4vTgB pos=(6.3227458000183105, 0.06980297714471817, -5.500764846801758) ready_before=True EnsureShootingRangeToplogo=True ShowEnemyToplogo=None SetToplogoVisible=None AddToplogoVisibleTick=None EnemyTopLogoTimer=None RefreshToplogo=None ready_after=True
MARK key=anFFTEsxNr+4vTgB mark_id=ctf_esp_anFFTEsxNr_4vTgB pos=(6.3227458000183105, 0.06980297714471817, -5.500764846801758) CreateCommonMarkToplogoSceneOnly=ok CreateMarkWorldEffect=ok res=(<gclient.gameplay.util.common_toplogo.ToplogoGunRefit object at 0x0000025A17446C10>,None)
