BEGIN 1785812495.8971698
cc.names=['ClippingNode', 'Color3B', 'Color4B', 'Color4F', 'ConnectedNode', 'CustomDrawNode', 'CustomMeshVertexColorFromTo', 'DrawNode', 'FONTEFFECTCOLORBIAS_FECB_EMPHASIZE', 'FONTEFFECTCOLORBIAS_FECB_GLOW', 'FONTEFFECTCOLORBIAS_FECB_MAX', 'FONTEFFECTCOLORBIAS_FECB_OUTLINE', 'FONTEFFECTCOLORBIAS_FECB_SHADOW', 'FONTEFFECTCOLORBIAS_FECB_STRIKETHROUGH', 'FONTEFFECTCOLORBIAS_FECB_UNDERLINE', 'FlowDraw', 'GIFNode', 'LABELEFFECT_ALL', 'LABELEFFECT_BOLD', 'LABELEFFECT_GLOW', 'LABELEFFECT_ITALICS', 'LABELEFFECT_NORMAL', 'LABELEFFECT_OUTLINE', 'LABELEFFECT_SHADOW', 'LABELEFFECT_STRIKETHROUGH', 'LABELEFFECT_UNDERLINE', 'LABEL_LABELTYPE_BMFONT', 'LABEL_LABELTYPE_CHARMAP', 'LABEL_LABELTYPE_STRING_TEXTURE', 'LABEL_LABELTYPE_TTF', 'LABEL_OVERFLOW_CLAMP', 'LABEL_OVERFLOW_NONE', 'LABEL_OVERFLOW_RESIZE_HEIGHT', 'LABEL_OVERFLOW_SHRINK', 'Label', 'LabelEx', 'Layer', 'LayerColor', 'LayerGradient', 'LayerMultiplex', 'MenuItemLabel', 'MenuItemSprite', 'MiniGifNode', 'MultiRenderNode', 'NODE_FLAGS_CONTENT_SIZE_DIRTY', 'NODE_FLAGS_DIRTY_MASK', 'NODE_FLAGS_IS_HITTED', 'NODE_FLAGS_TRANSFORM_DIRTY', 'NODE_NODECALLBACKTYPE_ENTER', 'NODE_NODECALLBACKTYPE_ENTERTRANSITIONDIDFINISH', 'NODE_NODECALLBACKTYPE_EXIT', 'NODE_NODECALLBACKTYPE_EXITTRANSITIONDIDSTART', 'NODE_NODECALLBACKTYPE_RELEASE', 'NODE_NODECALLBACKTYPE_SCREENSIZECHANGED', 'Node', 'NodeGrid', 'PROFILER_MODE_SHOW_NEW_NODES', 'ParallaxNode', 'ProtectedNode', 'RenderNode', 'SCRIPTEVENTTYPE_KNODEEVENT', 'SPRITE_QUADTYPE_QUADTYPE_BASE', 'SPRITE_QUADTYPE_QUADTYPE_CAMERA', 'SPRITE_QUADTYPE_QUADTYPE_CIRCULAR', 'SPRITE_QUADTYPE_QUADTYPE_EDIT', 'SPRITE_QUADTYPE_QUADTYPE_EXTERNAL', 'SPRITE_QUADTYPE_QUADTYPE_GIF', 'SPRITE_QUADTYPE_QUADTYPE_IMAGE_EDIT', 'SPRITE_QUADTYPE_QUADTYPE_LIVE', 'SPRITE_QUADTYPE_QUADTYPE_MASK_EDIT', 'SPRITE_QUADTYPE_QUADTYPE_MINIGIF', 'SPRITE_QUADTYPE_QUADTYPE_NONE', 'SPRITE_QUADTYPE_QUADTYPE_ROOM', 'SPRITE_QUADTYPE_QUADTYPE_SKIN', 'SPRITE_QUADTYPE_QUADTYPE_TEXT', 'SPRITE_QUADTYPE_QUADTYPE_TRAJECTORY', 'SceneNode', 'ShaderGraphNode', 'SkeletonNode', 'SplendorNode', 'Sprite', 'SpriteFrame', 'SpriteFrameCache', 'VERTEX_ATTRIB_FLAG_COLOR', 'VERTEX_ATTRIB_FLAG_POS_COLOR_TEX']
ccui.names=['AbstractCheckButton', 'Button', 'IMAGEVIEW_TAILEDORIENTATION_ALL', 'IMAGEVIEW_TAILEDORIENTATION_HORIZONTAL', 'IMAGEVIEW_TAILEDORIENTATION_VERTICAL', 'ImageView', 'LAYOUTCOMPONENT_HORIZONTALEDGE_CENTER', 'LAYOUTCOMPONENT_HORIZONTALEDGE_LEFT', 'LAYOUTCOMPONENT_HORIZONTALEDGE_NONE', 'LAYOUTCOMPONENT_HORIZONTALEDGE_RIGHT', 'LAYOUTCOMPONENT_VERTICALEDGE_BOTTOM', 'LAYOUTCOMPONENT_VERTICALEDGE_CENTER', 'LAYOUTCOMPONENT_VERTICALEDGE_NONE', 'LAYOUTCOMPONENT_VERTICALEDGE_TOP', 'LAYOUTPARAMETER_TYPE_LINEAR', 'LAYOUTPARAMETER_TYPE_NONE', 'LAYOUTPARAMETER_TYPE_RELATIVE', 'LAYOUT_BACKGROUNDCOLORTYPE_GRADIENT', 'LAYOUT_BACKGROUNDCOLORTYPE_NONE', 'LAYOUT_BACKGROUNDCOLORTYPE_SOLID', 'LAYOUT_CLIPPINGTYPE_SCISSOR', 'LAYOUT_CLIPPINGTYPE_STENCIL', 'LAYOUT_TYPE_ABSOLUTE', 'LAYOUT_TYPE_HORIZONTAL', 'LAYOUT_TYPE_RELATIVE', 'LAYOUT_TYPE_VERTICAL', 'LINEARLAYOUTPARAMETER_LINEARGRAVITY_BOTTOM', 'LINEARLAYOUTPARAMETER_LINEARGRAVITY_CENTER_HORIZONTAL', 'LINEARLAYOUTPARAMETER_LINEARGRAVITY_CENTER_VERTICAL', 'LINEARLAYOUTPARAMETER_LINEARGRAVITY_LEFT', 'LINEARLAYOUTPARAMETER_LINEARGRAVITY_NONE', 'LINEARLAYOUTPARAMETER_LINEARGRAVITY_RIGHT', 'LINEARLAYOUTPARAMETER_LINEARGRAVITY_TOP', 'Layout', 'LayoutComponent', 'LayoutParameter', 'LayoutWithCustomProperty', 'LinearLayoutParameter', 'MotionImageView', 'RELATIVELAYOUTPARAMETER_RELATIVEALIGN_CENTER_IN_PARENT', 'RELATIVELAYOUTPARAMETER_RELATIVEALIGN_LOCATION_ABOVE_CENTER', 'RELATIVELAYOUTPARAMETER_RELATIVEALIGN_LOCATION_ABOVE_LEFTALIGN', 'RELATIVELAYOUTPARAMETER_RELATIVEALIGN_LOCATION_ABOVE_RIGHTALIGN', 'RELATIVELAYOUTPARAMETER_RELATIVEALIGN_LOCATION_BELOW_CENTER', 'RELATIVELAYOUTPARAMETER_RELATIVEALIGN_LOCATION_BELOW_LEFTALIGN', 'RELATIVELAYOUTPARAMETER_RELATIVEALIGN_LOCATION_BELOW_RIGHTALIGN', 'RELATIVELAYOUTPARAMETER_RELATIVEALIGN_LOCATION_LEFT_OF_BOTTOMALIGN', 'RELATIVELAYOUTPARAMETER_RELATIVEALIGN_LOCATION_LEFT_OF_CENTER', 'RELATIVELAYOUTPARAMETER_RELATIVEALIGN_LOCATION_LEFT_OF_TOPALIGN', 'RELATIVELAYOUTPARAMETER_RELATIVEALIGN_LOCATION_RIGHT_OF_BOTTOMALIGN', 'RELATIVELAYOUTPARAMETER_RELATIVEALIGN_LOCATION_RIGHT_OF_CENTER', 'RELATIVELAYOUTPARAMETER_RELATIVEALIGN_LOCATION_RIGHT_OF_TOPALIGN', 'RELATIVELAYOUTPARAMETER_RELATIVEALIGN_NONE', 'RELATIVELAYOUTPARAMETER_RELATIVEALIGN_PARENT_BOTTOM_CENTER_HORIZONTAL', 'RELATIVELAYOUTPARAMETER_RELATIVEALIGN_PARENT_LEFT_BOTTOM', 'RELATIVELAYOUTPARAMETER_RELATIVEALIGN_PARENT_LEFT_CENTER_VERTICAL', 'RELATIVELAYOUTPARAMETER_RELATIVEALIGN_PARENT_RIGHT_BOTTOM', 'RELATIVELAYOUTPARAMETER_RELATIVEALIGN_PARENT_RIGHT_CENTER_VERTICAL', 'RELATIVELAYOUTPARAMETER_RELATIVEALIGN_PARENT_TOP_CENTER_HORIZONTAL', 'RELATIVELAYOUTPARAMETER_RELATIVEALIGN_PARENT_TOP_LEFT', 'RELATIVELAYOUTPARAMETER_RELATIVEALIGN_PARENT_TOP_RIGHT', 'RICHELEMENT_TYPE_IMAGE', 'RICHELEMENT_TYPE_TEXT', 'RICHTEXTEX_ARRANGEMODE_SINGLE_LINE', 'RICHTEXTEX_ARRANGEMODE_SINGLE_LINE_VERTICAL', 'RICHTEXTEX_ARRANGEMODE_WRAP', 'RICHTEXTEX_ARRANGEMODE_WRAP_VERTICAL', 'RICHTEXTEX_SCROLLMODE_LOOP', 'RICHTEXTEX_SCROLLMODE_PINGPONG', 'RICHTEXTEX_WRAPTEXTVERTICALALIGNMENT_BOTTOM', 'RICHTEXTEX_WRAPTEXTVERTICALALIGNMENT_CENTER', 'RICHTEXTEX_WRAPTEXTVERTICALALIGNMENT_TOP', 'RICHTEXT_GRAVITY_BOTTOM', 'RICHTEXT_GRAVITY_CENTER', 'RICHTEXT_GRAVITY_TOP', 'RelativeLayoutParameter', 'RichElementImage', 'RichElementText', 'RichText', 'RichTextEx', 'TEXTFIELD_EMOBILEINPUTTYPE_EMOBILEINPUTTYPE_ALPHABER', 'TEXTFIELD_EMOBILEINPUTTYPE_EMOBILEINPUTTYPE_ALPHANUMERIC', 'TEXTFIELD_EMOBILEINPUTTYPE_EMOBILEINPUTTYPE_EMAILADDRESS', 'TEXTFIELD_EMOBILEINPUTTYPE_EMOBILEINPUTTYPE_NONE', 'TEXTFIELD_EMOBILEINPUTTYPE_EMOBILEINPUTTYPE_NORMAL', 'TEXTFIELD_EMOBILEINPUTTYPE_EMOBILEINPUTTYPE_NUMBER', 'TEXTFIELD_EMOBILEINPUTTYPE_EMOBILEINPUTTYPE_PASSWORD', 'TEXTFIELD_ERETURNKEYTYPE_ERETURNKEYTYPE_DEFAULT', 'TEXTFIELD_ERETURNKEYTYPE_ERETURNKEYTYPE_DONE', 'TEXTFIELD_ERETURNKEYTYPE_ERETURNKEYTYPE_GO', 'TEXTFIELD_ERETURNKEYTYPE_ERETURNKEYTYPE_SEND', 'TEXTFIELD_EVENTTYPE_ATTACH_WITH_IME', 'TEXTFIELD_EVENTTYPE_DETACH_WITH_IME', 'TEXTFIELD_EVENTTYPE_HOVER_ENTER', 'TEXTFIELD_EVENTTYPE_HOVER_LEAVE', 'TEXTFIELD_EVENTTYPE_INPUT_FINISHED', 'TEXTFIELD_EVENTTYPE_TEXT_CHANGED', 'TOUCH_IMAGE', 'Text', 'TextAtlas', 'TextBMFont', 'TextField', 'WIDGET_BRIGHTSTYLE_HIGHLIGHT', 'WIDGET_BRIGHTSTYLE_NONE', 'WIDGET_BRIGHTSTYLE_NORMAL', 'WIDGET_KEYBOARDEVENTTYPE_CANCELED', 'WIDGET_KEYBOARDEVENTTYPE_PRESSED', 'WIDGET_KEYBOARDEVENTTYPE_RELEASED', 'WIDGET_KEYBOARDEVENTTYPE_REPEATED', 'WIDGET_POSITIONTYPE_ABSOLUTE', 'WIDGET_POSITIONTYPE_PERCENT', 'WIDGET_SIZETYPE_ABSOLUTE', 'WIDGET_SIZETYPE_PERCENT', 'WIDGET_TEXTURERESTYPE_LOCAL', 'WIDGET_TEXTURERESTYPE_NONE', 'WIDGET_TEXTURERESTYPE_PLIST', 'WIDGET_TOUCHEVENTTYPE_BEGAN', 'WIDGET_TOUCHEVENTTYPE_CANCELED', 'WIDGET_TOUCHEVENTTYPE_ENDED', 'WIDGET_TOUCHEVENTTYPE_MOVED', 'WIDGET_TOUCHEVENTTYPE_MOVEDENTER', 'WIDGET_TOUCHEVENTTYPE_MOVEDLEAVE', 'Widget']
scene children=11
scene/0 type=<class 'cc.Node'> name=''
scene/0 children=0
scene/1 type=<class 'cc.Node'> name=''
scene/1 children=0
scene/2 type=<class 'cc.Node'> name=''
scene/2 children=0
scene/3 type=<class 'cc.Node'> name=''
scene/3 children=0
scene/4 type=<class 'cc.Node'> name=''
scene/4 children=0
scene/5 type=<class 'cc.Node'> name=''
scene/5 children=14
scene/5/0 type=<class 'cc.Node'> name='layer'
scene/5/0 children=1
scene/5/0/0 type=<class 'ccui.Layout'> name='root'
scene/5/1 type=<class 'cc.Node'> name='layer'
scene/5/1 children=1
scene/5/1/0 type=<class 'ccui.Layout'> name='root'
scene/5/2 type=<class 'cc.Node'> name='layer'
scene/5/2 children=1
scene/5/2/0 type=<class 'ccui.Layout'> name='root'
scene/5/3 type=<class 'cc.Node'> name='layer'
scene/5/3 children=1
scene/5/3/0 type=<class 'ccui.Layout'> name='root'
scene/5/4 type=<class 'cc.Node'> name='layer'
scene/5/4 children=1
scene/5/4/0 type=<class 'ccui.Layout'> name='root'
scene/5/5 type=<class 'cc.Node'> name='layer'
scene/5/5 children=1
scene/5/5/0 type=<class 'ccui.Layout'> name='root'
scene/5/6 type=<class 'cc.Node'> name='layer'
scene/5/6 children=1
scene/5/6/0 type=<class 'ccui.Layout'> name='root'
scene/5/7 type=<class 'cc.Node'> name='layer'
scene/5/7 children=1
scene/5/7/0 type=<class 'ccui.Layout'> name='root'
scene/5/8 type=<class 'cc.Node'> name='layer'
scene/5/8 children=1
scene/5/8/0 type=<class 'ccui.Layout'> name='root'
scene/5/9 type=<class 'cc.Node'> name='layer'
scene/5/9 children=1
scene/5/9/0 type=<class 'ccui.Layout'> name='root'
scene/5/10 type=<class 'cc.Node'> name='layer'
scene/5/10 children=1
scene/5/10/0 type=<class 'ccui.Layout'> name='root'
scene/5/11 type=<class 'cc.Node'> name='layer'
scene/5/11 children=1
scene/5/11/0 type=<class 'ccui.Layout'> name='root'
scene/5/12 type=<class 'cc.Node'> name='layer'
scene/5/12 children=1
scene/5/12/0 type=<class 'ccui.Layout'> name='root'
scene/5/13 type=<class 'cc.Node'> name='layer'
scene/5/13 children=1
scene/5/13/0 type=<class 'ccui.Layout'> name='root'
scene/6 type=<class 'cc.Node'> name=''
scene/6 children=0
scene/7 type=<class 'cc.Node'> name=''
scene/7 children=0
scene/8 type=<class 'cc.Node'> name=''
scene/8 children=0
scene/9 type=<class 'cc.Node'> name=''
scene/9 children=1
scene/9/0 type=<class 'cc.Node'> name='layer'
scene/9/0 children=1
scene/9/0/0 type=<class 'ccui.Layout'> name='root'
scene/10 type=<class 'cc.Node'> name=''
scene/10 children=0
player_pos=(-16.621000289916992, 0.041999999433755875, -6.783999919891357) robots=6
robot[0] pos=(-8.783376693725586, 0.09060776978731155, -13.467101097106934) bound=<<-8.9770, 0.0856, -14.0255> <-8.6152, 1.9739, -12.9087>>
robot[0].min.w2h(0) => <61.7896, -20.1389, -121.8113> xyz=(61.789573669433594, -20.138870239257812, -121.81130981445312)
robot[0].min.h2w(0) => <-8.9770, 0.0856, -14.0255> xyz=(-8.977049827575684, 0.0856458768248558, -14.025527000427246)
robot[0].min.w2h(1) => <-8.7686, -0.5989, -18.1440> xyz=(-8.768556594848633, -0.5989178419113159, -18.14398956298828)
robot[0].min.h2w(1) => <-8.9770, 0.0856, -14.0255> xyz=(-8.977046966552734, 0.08564594388008118, -14.02552604675293)
robot[0].max.w2h(0) => <65.4462, 9.3300, -104.5884> xyz=(65.4461898803711, 9.329976081848145, -104.58844757080078)
robot[0].max.h2w(0) => <-8.6152, 1.9739, -12.9087> xyz=(-8.615243911743164, 1.9738824367523193, -12.908655166625977)
robot[0].max.w2h(1) => <-8.4123, 2.3124, -16.4361> xyz=(-8.412342071533203, 2.312391757965088, -16.436134338378906)
robot[0].max.h2w(1) => <-8.6152, 1.9739, -12.9087> xyz=(-8.615242004394531, 1.9738813638687134, -12.908651351928711)
robot[1] pos=(-28.0, 0.05000007152557373, -13.0) bound=<<-28.1937, 0.0450, -13.5584> <-27.8319, 1.9333, -12.4416>>
robot[1].min.w2h(0) => <-129.5728, -22.7305, -105.6068> xyz=(-129.57276916503906, -22.730506896972656, -105.60684204101562)
robot[1].min.h2w(0) => <-28.1937, 0.0450, -13.5584> xyz=(-28.19367027282715, 0.04503834247589111, -13.558427810668945)
robot[1].min.w2h(1) => <-28.0379, -0.9325, -16.8584> xyz=(-28.037899017333984, -0.9324917197227478, -16.858356475830078)
robot[1].min.h2w(1) => <-28.1937, 0.0450, -13.5584> xyz=(-28.193662643432617, 0.04503820464015007, -13.558423042297363)
robot[1].max.w2h(0) => <-126.1474, 5.8139, -88.9135> xyz=(-126.1473617553711, 5.81385612487793, -88.91349029541016)
robot[1].max.h2w(0) => <-27.8319, 1.9333, -12.4416> xyz=(-27.831865310668945, 1.9332748651504517, -12.441554069519043)
robot[1].max.w2h(1) => <-27.6817, 1.9788, -15.1505> xyz=(-27.681686401367188, 1.9788187742233276, -15.150500297546387)
robot[1].max.h2w(1) => <-27.8319, 1.9333, -12.4416> xyz=(-27.831859588623047, 1.9332743883132935, -12.441551208496094)
robot[2] pos=(-3.6765191555023193, 0.05925852805376053, -9.500686645507812) bound=<<-3.8702, 0.0543, -10.0591> <-3.5084, 1.9425, -8.9422>>
robot[2].min.w2h(0) => <113.5529, -20.0595, -62.1199> xyz=(113.55294799804688, -20.05947494506836, -62.119911193847656)
robot[2].min.h2w(0) => <-3.8702, 0.0543, -10.0591> xyz=(-3.8701882362365723, 0.05429670587182045, -10.059113502502441)
robot[2].min.w2h(1) => <-3.7691, -0.5719, -12.1969> xyz=(-3.7690937519073486, -0.5719321966171265, -12.196894645690918)
robot[2].min.h2w(1) => <-3.8702, 0.0543, -10.0591> xyz=(-3.870190143585205, 0.054296620190143585, -10.059113502502441)
robot[2].max.w2h(0) => <117.2755, 9.6762, -44.7032> xyz=(117.2755126953125, 9.676234245300293, -44.70319366455078)
robot[2].max.h2w(0) => <-3.5084, 1.9425, -8.9422> xyz=(-3.508390426635742, 1.9425328969955444, -8.942239761352539)
robot[2].max.w2h(1) => <-3.4129, 2.3394, -10.4890> xyz=(-3.4128801822662354, 2.3393781185150146, -10.48903751373291)
robot[2].max.h2w(1) => <-3.5084, 1.9425, -8.9422> xyz=(-3.508387565612793, 1.9425328969955444, -8.942239761352539)
created Layout via create -> <ccui.Layout object at 0x00000259F75005F0>
board_node=<ccui.Layout object at 0x00000259F75005F0>
AddFakeBoardElement0 fail=TypeError('FakeBoardElementParam is required, got(RobotCombatAvatarShootingRange)')
RemoveFakeBoardElement => False xyz=None
END
