BEGIN 1785812196.7732236
screen=(1334, 750)
MRender.names=['AddAffiliatedViewport', 'ClearSemanticToAffiliatedViewport', 'GetAffiliatedViewportTextureId', 'Link3DUIToAffiliatedViewport', 'LinkSemanticToAffiliatedViewport', 'RemoveAffiliatedViewport', 'SetAffiliatedViewportRenderTargetResource', 'TransformFromHudWorldToWorld', 'TransformFromWorldToHudWorld', 'UpdateAffiliatedViewportResolution', 'UpdateRealTimeDecalCamera']
MRender.AddAffiliatedViewport sig="<ValueError('no signature found for builtin <built-in function AddAffiliatedViewport>')>" doc=None textsig=None
MRender.ClearSemanticToAffiliatedViewport sig=<Signature (self, object, /)> doc=None textsig='($self, object, /)'
MRender.GetAffiliatedViewportTextureId sig=<Signature (self, object, /)> doc=None textsig='($self, object, /)'
MRender.Link3DUIToAffiliatedViewport sig=<Signature (self, object, /)> doc=None textsig='($self, object, /)'
MRender.LinkSemanticToAffiliatedViewport sig="<ValueError('no signature found for builtin <built-in function LinkSemanticToAffiliatedViewport>')>" doc=None textsig=None
MRender.RemoveAffiliatedViewport sig=<Signature (self, object, /)> doc=None textsig='($self, object, /)'
MRender.SetAffiliatedViewportRenderTargetResource sig="<ValueError('no signature found for builtin <built-in function SetAffiliatedViewportRenderTargetResource>')>" doc=None textsig=None
MRender.TransformFromHudWorldToWorld sig="<ValueError('no signature found for builtin <built-in function TransformFromHudWorldToWorld>')>" doc=None textsig=None
MRender.TransformFromWorldToHudWorld sig="<ValueError('no signature found for builtin <built-in function TransformFromWorldToHudWorld>')>" doc=None textsig=None
MRender.UpdateAffiliatedViewportResolution sig="<ValueError('no signature found for builtin <built-in function UpdateAffiliatedViewportResolution>')>" doc=None textsig=None
MRender.UpdateRealTimeDecalCamera sig="<ValueError('no signature found for builtin <built-in function UpdateRealTimeDecalCamera>')>" doc=None textsig=None
bound=<<6.1291, 0.0648, -6.0592> <6.4909, 1.9531, -4.9423>>
bound.min type=<class 'Vector3'> repr=<6.1291, 0.0648, -6.0592>
bound.min.x=6.129073619842529
bound.min.y=0.06484121084213257
bound.min.z=-6.0591912269592285
WorldToHud(min) fail=RuntimeError('expected 2 arguments, got 1')
HudToWorld(min) fail=RuntimeError('expected 2 arguments, got 1')
bound.max type=<class 'Vector3'> repr=<6.4909, 1.9531, -4.9423>
bound.max.x=6.490877628326416
bound.max.y=1.9530776739120483
bound.max.z=-4.942318439483643
WorldToHud(max) fail=RuntimeError('expected 2 arguments, got 1')
HudToWorld(max) fail=RuntimeError('expected 2 arguments, got 1')
Camera.dir=['ApplyCamera', 'Attach', 'CheckActorEnableControlCamera', 'ConfigALSTpsPlacer', 'ConfigAimPlacer', 'ConfigDeadFollowPlacer', 'ConfigEmoteTpsPlacer', 'ConfigFollowPlacer', 'ConfigFpsPlacer', 'ConfigFreeviewPlacer', 'ConfigGunSmithAimPlacer', 'ConfigHildaAimPlacer', 'ConfigHildaFollowPlacer', 'ConfigReplayAimPlacer', 'ConfigReplayPlacer', 'ConfigTpsPlacer', 'CreateCollider', 'CreateController', 'CreateShaker', 'Detach', 'DetachController', 'EnsureEnterArea', 'EnterCameraIdForLookAround', 'EnterLookAround', 'ExitLookAround', 'FetchPrePlacerInfo', 'GetReplayCameraMode', 'InitController', 'IsATM', 'IsATMGuardAI', 'IsAirDrop', 'IsAltar', 'IsAmmoBox', 'IsArrow', 'IsAttackDrone', 'IsAvatar', 'IsBarrieCannon', 'IsBlackHole', 'IsBlastingC4', 'IsBleachGame', 'IsBleachSpirit', 'IsBomb', 'IsBombSite', 'IsBuilding', 'IsChaosUav', 'IsCombatAvatar', 'IsCombatAvatarSniper', 'IsCombatAvatarZombieXray', 'IsCombatBillboard', 'IsCombatTeam', 'IsCombatUnit', 'IsContrabandPlane', 'IsContractDesk', 'IsCrack', 'IsCrow', 'IsCureUav', 'IsCureUavFix', 'IsCureUavShield', 'IsDestructible', 'IsDmzContainer', 'IsDmzMonster', 'IsDoubleDanceField', 'IsDummyCombatAvatar', 'IsEmoteTree', 'IsEnergyStronghold', 'IsEntityAttach', 'IsEntityMaster', 'IsEvaGame', 'IsEvaMonster', 'IsEvoPlatform', 'IsFlagSF', 'IsFootball', 'IsFormationRobot', 'IsGameLogic', 'IsGasStation', 'IsGiantMonster', 'IsGlass', 'IsGroupDanceField', 'IsHelenAI', 'IsHiderClone', 'IsHolographicRobot', 'IsIceWall', 'IsIgnoreCue', 'IsItem', 'IsItemSpaceSnare', 'IsMagicField', 'IsMineral', 'IsMonitorMissile', 'IsMonster', 'IsMovingPlatform', 'IsNavigateBarrieCannon', 'IsNewCrystalMonster', 'IsObserveAvatar', 'IsOccupyContractTarget', 'IsOccupyContractTargetNew', 'IsOilbox', 'IsOverloadGift', 'IsPanpan', 'IsPhyBall', 'IsPlayerCombatAvatar', 'IsPlayerObserveAvatar', 'IsPortableShop', 'IsPosterBoard', 'IsRPGMissile', 'IsReplayPuppet', 'IsReplayRecorder', 'IsRobotCombatAvatar', 'IsRobotCombatAvatarZombie', 'IsSafeBox', 'IsSaveDrone', 'IsSaveMachine', 'IsScoutArrow', 'IsSearchContractBox', 'IsSevenSinsGame', 'IsShield', 'IsShootingRange', 'IsShop', 'IsSimpleCombatUnit', 'IsSkullBomb', 'IsSoulAvatar', 'IsSpellDrone', 'IsStickyMaster', 'IsStonePilar', 'IsStronghold', 'IsStropUav', 'IsSupply', 'IsSwordSpirit', 'IsSyncTransEntity', 'IsSystemKiller', 'IsTimeSpear', 'IsTitan2Game', 'IsTitan2Stronghold', 'IsTitan2StrongholdChest', 'IsTransferBomb', 'IsUavShield', 'IsUltraMegaEnergy', 'IsUltraMegaGame', 'IsVehicle', 'IsVirtualInteractionEntity', 'LoadFromData', 'NinjaBeacon', 'NotifyPlacer', 'ReadyBy', 'RefreshConfig', 'RefreshMainFov', 'RefreshNearAndFar', 'RefreshPoseType', 'ResetTransform', 'ResetTransformWithFocus', 'RestoreCamera', 'SetActorEnableControlCamera', 'SetAimCamera', 'SetColliderOffset', 'SetColliderRadio', 'SetColliderSmooth', 'SetColliderSmoothSeperate', 'SetFocusTarget', 'SetFpsCameraForHall', 'SetFreeviewCameraForHall', 'SetPlacer', 'SetReplayMode', 'SetSpecialPlacerTarget', 'SetTpsModelVisible', 'StandBy', 'StorePrePlacerInfo', 'SyncDirectionToTarget', 'UpdateSpecialPlacerTarget', '_UseSpecialPlacer', '_addComponent', '_callComponents', '_delComponent', '_finiComponents', '_hasComponents', '_initComponents', '_on_timer', '_postComponents', '_tickComponents', 'add_repeat_timer', 'add_timer', 'blurEnd', 'cancelBlurTimer', 'cancel_timer', 'cueBlur', 'destroy', 'enableCollider', 'engine_camera', 'is_fps_avatar', 'is_fps_placer', 'is_free_placer', 'is_gunsmith_placer', 'is_look_around', 'is_parachute_placer', 'is_replay_avatar', 'is_replay_placer', 'is_replay_room', 'is_tfps_placer', 'is_tps_placer', 'position', 'position_tuple', 'pre_direction', 'shake', 'shakeLoop', 'shakePulse', 'stopShake']
Camera.source_fail=OSError('could not get source code')
Camera.ApplyCamera.names=('camera_data', 'data', 'get', 'update', 'camera_id', 'ReadyBy', 'cconst', 'CAMERA_ID_CALCULATION', 'CAMERA_ID_DEFAULT', 'CAMERA_ID_NEED_BLENDER', '_UseSpecialPlacer', 'CAMERA_ID_LOOK_AROUND', 'genv', 'messenger', 'Broadcast', 'events', 'ON_CAMERA_LOOKAROUND')
Camera.Attach.names=('is_actived', 'genv', 'camera', 'InitController', 'special_placer', 'OnActive', 'placer')
Camera.CheckActorEnableControlCamera.names=('control_camera_actors', 'IsValid', 'SetEnableControlCamera', 'remove', 'CheckActorEnableControlCamera')
Camera.CreateCollider.names=('MObject', 'CreateObject', 'collider', 'cconst', 'PHYSICS_CAMERA', 'CollisionFilterInfo', 'EnableCollider', 'OverlapFilterInfo', 'EnableOverlap', 'EnableSweepEvent', 'EnableSmoothIn', 'EnableSmoothOut', 'SetColliderOffset', 'CAMERA_COLLIDER_TARGET_POS_OFFSET', 'MinDist', 'checker', 'sensors', 'PushSensor', 'controller', 'SetSensor')
Camera.CreateController.names=('MObject', 'CreateObject', 'controller', 'genv', 'hud_camera', 'AffiliatedCamera', 'IsDynamic')
Camera.Detach.names=('is_actived', 'genv', 'camera', 'placer', 'OnDeactive', 'special_placer', 'DetachController')
Camera.EnsureEnterArea.names=('MEngine', 'GetGameplay', 'Player', 'Camera', 'EnterArea', 'Scenario', 'ActiveWorld', 'DefaultLevel', 'RootArea', 'gclient.framework.entities.space', 'SpacePrincipleRoleMgr', 'instance', 'SetRootPrincipleRole')
Camera.EnterCameraIdForLookAround.names=('is_look_around', 'look_around_pre_camera_id')
Camera.EnterLookAround.names=('is_look_around', 'camera_id', 'look_around_pre_camera_id', 'ApplyCamera', 'cconst', 'CAMERA_ID_LOOK_AROUND', 'genv', 'messenger', 'Broadcast', 'events', 'ON_CAMERA_LOOKAROUND')
Camera.ExitLookAround.names=('is_look_around', 'look_around_pre_camera_id', 'ApplyCamera', 'RestoreCamera')
Camera.GetReplayCameraMode.names=('camera_id', 'CameraMode', 'FPS', 'cconst', 'CAMERA_ID_VEHICLE', 'AIM', 'CAMERA_ID_HELICOPTER', 'CAMERA_ID_MOTORBIKE', 'CAMERA_ID_DEATH', 'DEATH', 'CAMERA_ID_LIGHT_ATTACK', 'FREE', 'CAMERA_ID_NEW_MISSILE_SPELL', 'CAMERA_ID_EMOTE', 'EMOTE', 'CAMERA_ID_EMOTE_SPEC', 'CAMERA_ID_EMOTE_ENVY_SIN', 'CAMERA_ID_EXECUTE', 'CAMCTRL', 'CAMERA_ID_ALS_TPS', 'ALTPS', 'CAMERA_ID_TITAN_2_BEAST', 'TPS', 'CAMERA_ID_TITAN_2_TRANSFORMED', 'CAMERA_ID_GREAT_SWORD', 'CAMERA_ID_JUREN_FLY', 'CAMERA_ID_BLEACH_SWORD', 'CAMERA_ID_TRANSFORMING', 'CAMERA_ID_TRANSFORMED', 'get', 'REPLAY')
Camera.InitController.names=('CreateController', 'controller', 'EnterArea', 'MHelper', 'GetActiveWorld', 'DefaultLevel', 'RootArea', 'MEngine', 'GetGameplay', 'Player', 'Camera', 'ControlledCamera', 'CreateCollider', 'CreateShaker')
Camera.LoadFromData.names=('SetPlacer', 'BasePlacer', 'GetPlacerType', 'SunshineSDK.Custom.Editor.EditorMeta.camera.CameraMeta', 'CameraMeta', 'UpdateObject', 'placer', 'RefreshConfig')
Camera.RefreshNearAndFar.names=('MEngine', 'GetGameplay', 'Player', 'Camera', 'Near', 'Far')
Camera.ResetTransform.names=('controller', 'GetRuntimeInfo', 'isinstance', 'tuple', 'MType', 'Vector3', 'Target', 'formula', 'YawToVector', 'Direction', 'ApplyRuntimeInfo', 'Matrix4x3', 'set_pitch_yaw_roll', 'translation', 'MEngine', 'GetGameplay', 'Player', 'Camera', 'Transform', 'genv', 'ScriptSetCameraTransformIncrease')
Camera.ResetTransformWithFocus.names=('MType', 'Matrix4x3', 'set_pitch_yaw_roll', 'pitch', 'yaw', 'translation', 'MEngine', 'GetGameplay', 'Player', 'Camera', 'Transform', 'genv', 'ScriptSetCameraTransformIncrease')
Camera.RestoreCamera.names=('replay_util', 'GetPlayer', 'is_fps_mode', 'combat_state', 'consts', 'CombatState', 'ALIVE', 'SPIRIT', 'normal_placer', 'IsValid', 'ApplyCamera', 'cconst', 'CAMERA_ID_DEFAULT', 'ConfigFpsPlacer', 'is_replay_avatar', 'replay_mode', 'CameraMode', 'REPLAY', 'ConfigReplayPlacer', 'default_tps_camera_id', 'SetColliderSmoothSeperate')
Camera.SetActorEnableControlCamera.names=('IsValid', 'control_camera_actors', 'remove', 'SetEnableControlCamera', 'append', 'CheckActorEnableControlCamera')
Camera.SetAimCamera.names=('ApplyCamera', 'cconst', 'CAMERA_ID_DEFAULT', 'CAMERA_ID_ALS_TPS')
Camera.SetFpsCameraForHall.names=('ApplyCamera', 'cconst', 'CAMERA_ID_DEFAULT', 'ConfigFpsPlacer')
Camera.SetFreeviewCameraForHall.names=('genv', 'space', 'InitCameraId')
Camera.SetPlacer.names=('normal_placer', 'special_placer', 'is_actived', 'placer', 'OnDeactive', 'StorePrePlacerInfo', 'FetchPrePlacerInfo', 'OnActive', 'target', 'SetFocusTarget', 'genv', 'messenger', 'Broadcast', 'events', 'ON_CAMERA_MODE_CHANGE')
Camera.SetReplayMode.names=('replay_mode', 'genv', 'messenger', 'Broadcast', 'events', 'ON_REPLAY_CAMERA_MODE_CHANGE')
Camera.SetTpsModelVisible.names=('target', 'owner', 'is_fps_avatar', 'hand_model', 'AddHiddenReason', 'cconst', 'HIDDEN_REASON_FOR_TPS', 'SetCustomRenderSet', 'RENDER_SET_DEFAULT', 'RemoveHiddenReason', 'RENDER_SET_SHADOW_PROXY')
Camera._UseSpecialPlacer.names=('special_placer', 'StorePrePlacerInfo', 'is_actived', 'OnDeactive', 'normal_placer', 'get', 'ConfigFpsPlacer', 'SetPlacer', 'BasePlacer', 'GetPlacerType', 'OnActive', 'placer', 'FetchPrePlacerInfo', 'target', 'SetSpecialPlacerTarget', 'genv', 'messenger', 'Broadcast', 'events', 'ON_CAMERA_MODE_CHANGE')
Camera.blurEnd.names=('blur_stamp', 'MRender', 'MotionBlurToPercent', 'SetRenderOption')
Camera.cueBlur.names=('cancelBlurTimer', 'MRender', 'SetRenderOption', 'len', 'MotionBlurToPercent', 'float', 'blur_stamp', 'add_timer', 'functools', 'partial', 'blurEnd', 'blur_timer_id')
END
